Archive member included to satisfy reference by file (symbol)

/home/abeer-ansari/.local/share/stm32cube/bundles/gnu-tools-for-stm32/14.3.1+st.2/bin/../lib/gcc/arm-none-eabi/14.3.1/thumb/v7e-m+fp/hard/libgcc.a(_arm_addsubdf3.o)
                              CMakeFiles/Lab06_final.dir/Core/Src/main.c.obj (__aeabi_ui2d)
/home/abeer-ansari/.local/share/stm32cube/bundles/gnu-tools-for-stm32/14.3.1+st.2/bin/../lib/gcc/arm-none-eabi/14.3.1/thumb/v7e-m+fp/hard/libgcc.a(_arm_muldivdf3.o)
                              CMakeFiles/Lab06_final.dir/Core/Src/main.c.obj (__aeabi_ddiv)
/home/abeer-ansari/.local/share/stm32cube/bundles/gnu-tools-for-stm32/14.3.1+st.2/bin/../lib/gcc/arm-none-eabi/14.3.1/thumb/v7e-m+fp/hard/libgcc.a(_arm_truncdfsf2.o)
                              CMakeFiles/Lab06_final.dir/Core/Src/main.c.obj (__aeabi_d2f)
/home/abeer-ansari/.local/share/stm32cube/bundles/gnu-tools-for-stm32/14.3.1+st.2/bin/../lib/gcc/arm-none-eabi/14.3.1/../../../../arm-none-eabi/lib/thumb/v7e-m+fp/hard/libg_nano.a(libc_a-exit.o)
                              /home/abeer-ansari/.local/share/stm32cube/bundles/gnu-tools-for-stm32/14.3.1+st.2/bin/../lib/gcc/arm-none-eabi/14.3.1/../../../../arm-none-eabi/lib/thumb/v7e-m+fp/hard/crt0.o (exit)
/home/abeer-ansari/.local/share/stm32cube/bundles/gnu-tools-for-stm32/14.3.1+st.2/bin/../lib/gcc/arm-none-eabi/14.3.1/../../../../arm-none-eabi/lib/thumb/v7e-m+fp/hard/libg_nano.a(libc_a-nano-vfprintf_float.o)
                              (_printf_float)
/home/abeer-ansari/.local/share/stm32cube/bundles/gnu-tools-for-stm32/14.3.1+st.2/bin/../lib/gcc/arm-none-eabi/14.3.1/../../../../arm-none-eabi/lib/thumb/v7e-m+fp/hard/libg_nano.a(libc_a-nano-vfprintf_i.o)
                              /home/abeer-ansari/.local/share/stm32cube/bundles/gnu-tools-for-stm32/14.3.1+st.2/bin/../lib/gcc/arm-none-eabi/14.3.1/../../../../arm-none-eabi/lib/thumb/v7e-m+fp/hard/libg_nano.a(libc_a-nano-vfprintf_float.o) (_printf_common)
/home/abeer-ansari/.local/share/stm32cube/bundles/gnu-tools-for-stm32/14.3.1+st.2/bin/../lib/gcc/arm-none-eabi/14.3.1/../../../../arm-none-eabi/lib/thumb/v7e-m+fp/hard/libg_nano.a(libc_a-findfp.o)
                              /home/abeer-ansari/.local/share/stm32cube/bundles/gnu-tools-for-stm32/14.3.1+st.2/bin/../lib/gcc/arm-none-eabi/14.3.1/../../../../arm-none-eabi/lib/thumb/v7e-m+fp/hard/libg_nano.a(libc_a-exit.o) (__stdio_exit_handler)
/home/abeer-ansari/.local/share/stm32cube/bundles/gnu-tools-for-stm32/14.3.1+st.2/bin/../lib/gcc/arm-none-eabi/14.3.1/../../../../arm-none-eabi/lib/thumb/v7e-m+fp/hard/libg_nano.a(libc_a-fwalk.o)
                              /home/abeer-ansari/.local/share/stm32cube/bundles/gnu-tools-for-stm32/14.3.1+st.2/bin/../lib/gcc/arm-none-eabi/14.3.1/../../../../arm-none-eabi/lib/thumb/v7e-m+fp/hard/libg_nano.a(libc_a-findfp.o) (_fwalk_sglue)
/home/abeer-ansari/.local/share/stm32cube/bundles/gnu-tools-for-stm32/14.3.1+st.2/bin/../lib/gcc/arm-none-eabi/14.3.1/../../../../arm-none-eabi/lib/thumb/v7e-m+fp/hard/libg_nano.a(libc_a-stdio.o)
                              /home/abeer-ansari/.local/share/stm32cube/bundles/gnu-tools-for-stm32/14.3.1+st.2/bin/../lib/gcc/arm-none-eabi/14.3.1/../../../../arm-none-eabi/lib/thumb/v7e-m+fp/hard/libg_nano.a(libc_a-findfp.o) (__sread)
/home/abeer-ansari/.local/share/stm32cube/bundles/gnu-tools-for-stm32/14.3.1+st.2/bin/../lib/gcc/arm-none-eabi/14.3.1/../../../../arm-none-eabi/lib/thumb/v7e-m+fp/hard/libg_nano.a(libc_a-vsnprintf.o)
                              CMakeFiles/Lab06_final.dir/Core/Src/main.c.obj (vsnprintf)
/home/abeer-ansari/.local/share/stm32cube/bundles/gnu-tools-for-stm32/14.3.1+st.2/bin/../lib/gcc/arm-none-eabi/14.3.1/../../../../arm-none-eabi/lib/thumb/v7e-m+fp/hard/libg_nano.a(libc_a-memset.o)
                              /home/abeer-ansari/.local/share/stm32cube/bundles/gnu-tools-for-stm32/14.3.1+st.2/bin/../lib/gcc/arm-none-eabi/14.3.1/../../../../arm-none-eabi/lib/thumb/v7e-m+fp/hard/crt0.o (memset)
/home/abeer-ansari/.local/share/stm32cube/bundles/gnu-tools-for-stm32/14.3.1+st.2/bin/../lib/gcc/arm-none-eabi/14.3.1/../../../../arm-none-eabi/lib/thumb/v7e-m+fp/hard/libg_nano.a(libc_a-localeconv.o)
                              /home/abeer-ansari/.local/share/stm32cube/bundles/gnu-tools-for-stm32/14.3.1+st.2/bin/../lib/gcc/arm-none-eabi/14.3.1/../../../../arm-none-eabi/lib/thumb/v7e-m+fp/hard/libg_nano.a(libc_a-nano-vfprintf_float.o) (_localeconv_r)
/home/abeer-ansari/.local/share/stm32cube/bundles/gnu-tools-for-stm32/14.3.1+st.2/bin/../lib/gcc/arm-none-eabi/14.3.1/../../../../arm-none-eabi/lib/thumb/v7e-m+fp/hard/libg_nano.a(libc_a-closer.o)
                              /home/abeer-ansari/.local/share/stm32cube/bundles/gnu-tools-for-stm32/14.3.1+st.2/bin/../lib/gcc/arm-none-eabi/14.3.1/../../../../arm-none-eabi/lib/thumb/v7e-m+fp/hard/libg_nano.a(libc_a-stdio.o) (_close_r)
[...]
Memory Configuration

Name             Origin             Length             Attributes
RAM              0x20000000         0x0000a000         xrw
CCMRAM           0x10000000         0x00002000         xrw
FLASH            0x08000000         0x00040000         xr
*default*        0x00000000         0xffffffff

Linker script and memory map

LOAD /home/abeer-ansari/.local/share/stm32cube/bundles/gnu-tools-for-stm32/14.3.1+st.2/bin/../lib/gcc/arm-none-eabi/14.3.1/thumb/v7e-m+fp/hard/crti.o
LOAD /home/abeer-ansari/.local/share/stm32cube/bundles/gnu-tools-for-stm32/14.3.1+st.2/bin/../lib/gcc/arm-none-eabi/14.3.1/thumb/v7e-m+fp/hard/crtbegin.o
LOAD /home/abeer-ansari/.local/share/stm32cube/bundles/gnu-tools-for-stm32/14.3.1+st.2/bin/../lib/gcc/arm-none-eabi/14.3.1/../../../../arm-none-eabi/lib/thumb/v7e-m+fp/hard/crt0.o
LOAD cmake/stm32cubemx/CMakeFiles/STM32_Drivers.dir/__/__/Core/Src/system_stm32f3xx.c.obj
LOAD cmake/stm32cubemx/CMakeFiles/STM32_Drivers.dir/__/__/Drivers/STM32F3xx_HAL_Driver/Src/stm32f3xx_ll_usb.c.obj
LOAD cmake/stm32cubemx/CMakeFiles/STM32_Drivers.dir/__/__/Drivers/STM32F3xx_HAL_Driver/Src/stm32f3xx_hal_pcd.c.obj
LOAD cmake/stm32cubemx/CMakeFiles/STM32_Drivers.dir/__/__/Drivers/STM32F3xx_HAL_Driver/Src/stm32f3xx_hal_pcd_ex.c.obj
LOAD cmake/stm32cubemx/CMakeFiles/STM32_Drivers.dir/__/__/Drivers/STM32F3xx_HAL_Driver/Src/stm32f3xx_hal.c.obj
LOAD cmake/stm32cubemx/CMakeFiles/STM32_Drivers.dir/__/__/Drivers/STM32F3xx_HAL_Driver/Src/stm32f3xx_hal_rcc.c.obj
LOAD cmake/stm32cubemx/CMakeFiles/STM32_Drivers.dir/__/__/Drivers/STM32F3xx_HAL_Driver/Src/stm32f3xx_hal_rcc_ex.c.obj
LOAD cmake/stm32cubemx/CMakeFiles/STM32_Drivers.dir/__/__/Drivers/STM32F3xx_HAL_Driver/Src/stm32f3xx_hal_gpio.c.obj
LOAD cmake/stm32cubemx/CMakeFiles/STM32_Drivers.dir/__/__/Drivers/STM32F3xx_HAL_Driver/Src/stm32f3xx_hal_dma.c.obj
LOAD cmake/stm32cubemx/CMakeFiles/STM32_Drivers.dir/__/__/Drivers/STM32F3xx_HAL_Driver/Src/stm32f3xx_hal_cortex.c.obj
LOAD cmake/stm32cubemx/CMakeFiles/STM32_Drivers.dir/__/__/Drivers/STM32F3xx_HAL_Driver/Src/stm32f3xx_hal_pwr.c.obj
LOAD cmake/stm32cubemx/CMakeFiles/STM32_Drivers.dir/__/__/Drivers/STM32F3xx_HAL_Driver/Src/stm32f3xx_hal_pwr_ex.c.obj
LOAD cmake/stm32cubemx/CMakeFiles/STM32_Drivers.dir/__/__/Drivers/STM32F3xx_HAL_Driver/Src/stm32f3xx_hal_flash.c.obj
LOAD cmake/stm32cubemx/CMakeFiles/STM32_Drivers.dir/__/__/Drivers/STM32F3xx_HAL_Driver/Src/stm32f3xx_hal_flash_ex.c.obj
LOAD cmake/stm32cubemx/CMakeFiles/STM32_Drivers.dir/__/__/Drivers/STM32F3xx_HAL_Driver/Src/stm32f3xx_hal_i2c.c.obj
LOAD cmake/stm32cubemx/CMakeFiles/STM32_Drivers.dir/__/__/Drivers/STM32F3xx_HAL_Driver/Src/stm32f3xx_hal_i2c_ex.c.obj
LOAD cmake/stm32cubemx/CMakeFiles/STM32_Drivers.dir/__/__/Drivers/STM32F3xx_HAL_Driver/Src/stm32f3xx_hal_exti.c.obj
LOAD cmake/stm32cubemx/CMakeFiles/STM32_Drivers.dir/__/__/Drivers/STM32F3xx_HAL_Driver/Src/stm32f3xx_hal_tim.c.obj
LOAD cmake/stm32cubemx/CMakeFiles/STM32_Drivers.dir/__/__/Drivers/STM32F3xx_HAL_Driver/Src/stm32f3xx_hal_tim_ex.c.obj
LOAD cmake/stm32cubemx/CMakeFiles/STM32_Drivers.dir/__/__/Drivers/STM32F3xx_HAL_Driver/Src/stm32f3xx_hal_uart.c.obj
LOAD cmake/stm32cubemx/CMakeFiles/STM32_Drivers.dir/__/__/Drivers/STM32F3xx_HAL_Driver/Src/stm32f3xx_hal_uart_ex.c.obj
LOAD cmake/stm32cubemx/CMakeFiles/USB_Device_Library.dir/__/__/Middlewares/ST/STM32_USB_Device_Library/Core/Src/usbd_core.c.obj
LOAD cmake/stm32cubemx/CMakeFiles/USB_Device_Library.dir/__/__/Middlewares/ST/STM32_USB_Device_Library/Core/Src/usbd_ctlreq.c.obj
LOAD cmake/stm32cubemx/CMakeFiles/USB_Device_Library.dir/__/__/Middlewares/ST/STM32_USB_Device_Library/Core/Src/usbd_ioreq.c.obj
LOAD cmake/stm32cubemx/CMakeFiles/USB_Device_Library.dir/__/__/Middlewares/ST/STM32_USB_Device_Library/Class/CDC/Src/usbd_cdc.c.obj
LOAD CMakeFiles/Lab06_final.dir/USB_DEVICE/Target/usbd_conf.c.obj
LOAD CMakeFiles/Lab06_final.dir/USB_DEVICE/App/usb_device.c.obj
LOAD CMakeFiles/Lab06_final.dir/USB_DEVICE/App/usbd_desc.c.obj
LOAD CMakeFiles/Lab06_final.dir/USB_DEVICE/App/usbd_cdc_if.c.obj
LOAD CMakeFiles/Lab06_final.dir/Core/Src/main.c.obj
LOAD CMakeFiles/Lab06_final.dir/Core/Src/stm32f3xx_it.c.obj
LOAD CMakeFiles/Lab06_final.dir/Core/Src/stm32f3xx_hal_msp.c.obj
LOAD CMakeFiles/Lab06_final.dir/Core/Src/sysmem.c.obj
LOAD CMakeFiles/Lab06_final.dir/Core/Src/syscalls.c.obj
LOAD CMakeFiles/Lab06_final.dir/startup_stm32f303xc.s.obj
LOAD /home/abeer-ansari/.local/share/stm32cube/bundles/gnu-tools-for-stm32/14.3.1+st.2/bin/../lib/gcc/arm-none-eabi/14.3.1/../../../../arm-none-eabi/lib/thumb/v7e-m+fp/hard/libm.a
START GROUP
LOAD /home/abeer-ansari/.local/share/stm32cube/bundles/gnu-tools-for-stm32/14.3.1+st.2/bin/../lib/gcc/arm-none-eabi/14.3.1/thumb/v7e-m+fp/hard/libgcc.a
LOAD /home/abeer-ansari/.local/share/stm32cube/bundles/gnu-tools-for-stm32/14.3.1+st.2/bin/../lib/gcc/arm-none-eabi/14.3.1/../../../../arm-none-eabi/lib/thumb/v7e-m+fp/hard/libg_nano.a
LOAD /home/abeer-ansari/.local/share/stm32cube/bundles/gnu-tools-for-stm32/14.3.1+st.2/bin/../lib/gcc/arm-none-eabi/14.3.1/../../../../arm-none-eabi/lib/thumb/v7e-m+fp/hard/libc_nano.a
END GROUP
START GROUP
LOAD /home/abeer-ansari/.local/share/stm32cube/bundles/gnu-tools-for-stm32/14.3.1+st.2/bin/../lib/gcc/arm-none-eabi/14.3.1/thumb/v7e-m+fp/hard/libgcc.a
LOAD /home/abeer-ansari/.local/share/stm32cube/bundles/gnu-tools-for-stm32/14.3.1+st.2/bin/../lib/gcc/arm-none-eabi/14.3.1/../../../../arm-none-eabi/lib/thumb/v7e-m+fp/hard/libc_nano.a
END GROUP
LOAD /home/abeer-ansari/.local/share/stm32cube/bundles/gnu-tools-for-stm32/14.3.1+st.2/bin/../lib/gcc/arm-none-eabi/14.3.1/thumb/v7e-m+fp/hard/crtend.o
LOAD /home/abeer-ansari/.local/share/stm32cube/bundles/gnu-tools-for-stm32/14.3.1+st.2/bin/../lib/gcc/arm-none-eabi/14.3.1/thumb/v7e-m+fp/hard/crtn.o
                0x2000a000                        _estack = (ORIGIN (RAM) + LENGTH (RAM))
                0x00000200                        _Min_Heap_Size = 0x200
                0x00000400                        _Min_Stack_Size = 0x400

.isr_vector     0x08000000      0x188
                0x08000000                        . = ALIGN (0x4)
 *(.isr_vector)
 .isr_vector    0x08000000      0x188 CMakeFiles/Lab06_final.dir/startup_stm32f303xc.s.obj
                0x08000000                g_pfnVectors
                0x08000188                        . = ALIGN (0x4)

.text           0x08000190     0xde84
                0x08000190                        . = ALIGN (0x4)
 *(.text)
 .text          0x08000190       0x40 /home/abeer-ansari/.local/share/stm32cube/bundles/gnu-tools-for-stm32/14.3.1+st.2/bin/../lib/gcc/arm-none-eabi/14.3.1/thumb/v7e-m+fp/hard/crtbegin.o
 .text          0x080001d0      0x378 /home/abeer-ansari/.local/share/stm32cube/bundles/gnu-tools-for-stm32/14.3.1+st.2/bin/../lib/gcc/arm-none-eabi/14.3.1/thumb/v7e-m+fp/hard/libgcc.a(_arm_addsubdf3.o)
                0x080001d0                __aeabi_drsub
                0x080001d8                __aeabi_dsub
                0x080001d8                __subdf3
                0x080001dc                __adddf3
                0x080001dc                __aeabi_dadd
                0x08000454                __aeabi_ui2d
                0x08000454                __floatunsidf
                0x08000474                __floatsidf
                0x08000474                __aeabi_i2d
                0x08000498                __extendsfdf2
                0x08000498                __aeabi_f2d
                0x080004dc                __aeabi_ul2d
                0x080004dc                __floatundidf
                0x080004ec                __floatdidf
                0x080004ec                __aeabi_l2d
 .text          0x08000548      0x424 /home/abeer-ansari/.local/share/stm32cube/bundles/gnu-tools-for-stm32/14.3.1+st.2/bin/../lib/gcc/arm-none-eabi/14.3.1/thumb/v7e-m+fp/hard/libgcc.a(_arm_muldivdf3.o)
                0x08000548                __aeabi_dmul
                0x08000548                __muldf3
                0x0800079c                __aeabi_ddiv
                0x0800079c                __divdf3
 .text          0x0800096c       0xa0 /home/abeer-ansari/.local/share/stm32cube/bundles/gnu-tools-for-stm32/14.3.1+st.2/bin/../lib/gcc/arm-none-eabi/14.3.1/thumb/v7e-m+fp/hard/libgcc.a(_arm_truncdfsf2.o)
                0x0800096c                __aeabi_d2f
                0x0800096c                __truncdfsf2
 *fill*         0x08000a0c        0x4 
 .text          0x08000a10       0xa0 /home/abeer-ansari/.local/share/stm32cube/bundles/gnu-tools-for-stm32/14.3.1+st.2/bin/../lib/gcc/arm-none-eabi/14.3.1/../../../../arm-none-eabi/lib/thumb/v7e-m+fp/hard/libg_nano.a(libc_a-memchr.o)
                0x08000a10                memchr
 .text          0x08000ab0       0x10 /home/abeer-ansari/.local/share/stm32cube/bundles/gnu-tools-for-stm32/14.3.1+st.2/bin/../lib/gcc/arm-none-eabi/14.3.1/../../../../arm-none-eabi/lib/thumb/v7e-m+fp/hard/libg_nano.a(libc_a-strlen.o)
                0x08000ab0                strlen
 .text          0x08000ac0      0x110 /home/abeer-ansari/.local/share/stm32cube/bundles/gnu-tools-for-stm32/14.3.1+st.2/bin/../lib/gcc/arm-none-eabi/14.3.1/thumb/v7e-m+fp/hard/libgcc.a(_arm_cmpdf2.o)
                0x08000ac0                __gtdf2
                0x08000ac0                __gedf2
                0x08000ac8                __ltdf2
                0x08000ac8                __ledf2
                0x08000ad0                __cmpdf2
                0x08000ad0                __eqdf2
                0x08000ad0                __nedf2
                0x08000b4c                __aeabi_cdrcmple
                0x08000b5c                __aeabi_cdcmple
                0x08000b5c                __aeabi_cdcmpeq
                0x08000b6c                __aeabi_dcmpeq
                0x08000b80                __aeabi_dcmplt
                0x08000b94                __aeabi_dcmple
                0x08000ba8                __aeabi_dcmpge
                0x08000bbc                __aeabi_dcmpgt
 .text          0x08000bd0       0x2c /home/abeer-ansari/.local/share/stm32cube/bundles/gnu-tools-for-stm32/14.3.1+st.2/bin/../lib/gcc/arm-none-eabi/14.3.1/thumb/v7e-m+fp/hard/libgcc.a(_arm_unorddf2.o)
                0x08000bd0                __aeabi_dcmpun
                0x08000bd0                __unorddf2
 .text          0x08000bfc       0x50 /home/abeer-ansari/.local/share/stm32cube/bundles/gnu-tools-for-stm32/14.3.1+st.2/bin/../lib/gcc/arm-none-eabi/14.3.1/thumb/v7e-m+fp/hard/libgcc.a(_arm_fixdfsi.o)
                0x08000bfc                __fixdfsi
                0x08000bfc                __aeabi_d2iz
 *(.text*)
 .text.SystemInit
                0x08000c4c       0x24 cmake/stm32cubemx/CMakeFiles/STM32_Drivers.dir/__/__/Core/Src/system_stm32f3xx.c.obj
                0x08000c4c                SystemInit
 .text.USB_EnableGlobalInt
                0x08000c70       0x2e cmake/stm32cubemx/CMakeFiles/STM32_Drivers.dir/__/__/Drivers/STM32F3xx_HAL_Driver/Src/stm32f3xx_ll_usb.c.obj
                0x08000c70                USB_EnableGlobalInt
 .text.USB_DisableGlobalInt
                0x08000c9e       0x36 cmake/stm32cubemx/CMakeFiles/STM32_Drivers.dir/__/__/Drivers/STM32F3xx_HAL_Driver/Src/stm32f3xx_ll_usb.c.obj
                0x08000c9e                USB_DisableGlobalInt
 .text.USB_DevInit
                0x08000cd4       0x3c cmake/stm32cubemx/CMakeFiles/STM32_Drivers.dir/__/__/Drivers/STM32F3xx_HAL_Driver/Src/stm32f3xx_ll_usb.c.obj
                0x08000cd4                USB_DevInit
 .text.USB_ActivateEndpoint
                0x08000d10      0x788 cmake/stm32cubemx/CMakeFiles/STM32_Drivers.dir/__/__/Drivers/STM32F3xx_HAL_Driver/Src/stm32f3xx_ll_usb.c.obj
                0x08000d10                USB_ActivateEndpoint
 .text.USB_DeactivateEndpoint
                0x08001498      0x3da cmake/stm32cubemx/CMakeFiles/STM32_Drivers.dir/__/__/Drivers/STM32F3xx_HAL_Driver/Src/stm32f3xx_ll_usb.c.obj
                0x08001498                USB_DeactivateEndpoint
 .text.USB_EPStartXfer
                0x08001872     0x1764 cmake/stm32cubemx/CMakeFiles/STM32_Drivers.dir/__/__/Drivers/STM32F3xx_HAL_Driver/Src/stm32f3xx_ll_usb.c.obj
                0x08001872                USB_EPStartXfer
 .text.USB_EPSetStall
                0x08002fd6       0xa2 cmake/stm32cubemx/CMakeFiles/STM32_Drivers.dir/__/__/Drivers/STM32F3xx_HAL_Driver/Src/stm32f3xx_ll_usb.c.obj
                0x08002fd6                USB_EPSetStall
 .text.USB_EPClearStall
                0x08003078      0x15c cmake/stm32cubemx/CMakeFiles/STM32_Drivers.dir/__/__/Drivers/STM32F3xx_HAL_Driver/Src/stm32f3xx_ll_usb.c.obj
                0x08003078                USB_EPClearStall
 .text.USB_SetDevAddress
                0x080031d4       0x28 cmake/stm32cubemx/CMakeFiles/STM32_Drivers.dir/__/__/Drivers/STM32F3xx_HAL_Driver/Src/stm32f3xx_ll_usb.c.obj
                0x080031d4                USB_SetDevAddress
 .text.USB_DevConnect
                0x080031fc       0x16 cmake/stm32cubemx/CMakeFiles/STM32_Drivers.dir/__/__/Drivers/STM32F3xx_HAL_Driver/Src/stm32f3xx_ll_usb.c.obj
                0x080031fc                USB_DevConnect
 .text.USB_ReadInterrupts
                0x08003212       0x20 cmake/stm32cubemx/CMakeFiles/STM32_Drivers.dir/__/__/Drivers/STM32F3xx_HAL_Driver/Src/stm32f3xx_ll_usb.c.obj
                0x08003212                USB_ReadInterrupts
 .text.USB_WritePMA
                0x08003232       0x8e cmake/stm32cubemx/CMakeFiles/STM32_Drivers.dir/__/__/Drivers/STM32F3xx_HAL_Driver/Src/stm32f3xx_ll_usb.c.obj
                0x08003232                USB_WritePMA
 .text.USB_ReadPMA
                0x080032c0       0xa0 cmake/stm32cubemx/CMakeFiles/STM32_Drivers.dir/__/__/Drivers/STM32F3xx_HAL_Driver/Src/stm32f3xx_ll_usb.c.obj
                0x080032c0                USB_ReadPMA
 .text.HAL_PCD_Init
                0x08003360      0x18e cmake/stm32cubemx/CMakeFiles/STM32_Drivers.dir/__/__/Drivers/STM32F3xx_HAL_Driver/Src/stm32f3xx_hal_pcd.c.obj
                0x08003360                HAL_PCD_Init
 .text.HAL_PCD_Start
                0x080034ee       0x4c cmake/stm32cubemx/CMakeFiles/STM32_Drivers.dir/__/__/Drivers/STM32F3xx_HAL_Driver/Src/stm32f3xx_hal_pcd.c.obj
                0x080034ee                HAL_PCD_Start
 .text.HAL_PCD_IRQHandler
                0x0800353a      0x1a8 cmake/stm32cubemx/CMakeFiles/STM32_Drivers.dir/__/__/Drivers/STM32F3xx_HAL_Driver/Src/stm32f3xx_hal_pcd.c.obj
                0x0800353a                HAL_PCD_IRQHandler
 .text.HAL_PCD_SetAddress
                0x080036e2       0x48 cmake/stm32cubemx/CMakeFiles/STM32_Drivers.dir/__/__/Drivers/STM32F3xx_HAL_Driver/Src/stm32f3xx_hal_pcd.c.obj
                0x080036e2                HAL_PCD_SetAddress
 .text.HAL_PCD_EP_Open
                0x0800372a       0xba cmake/stm32cubemx/CMakeFiles/STM32_Drivers.dir/__/__/Drivers/STM32F3xx_HAL_Driver/Src/stm32f3xx_hal_pcd.c.obj
                0x0800372a                HAL_PCD_EP_Open
 .text.HAL_PCD_EP_Close
                0x080037e4       0x90 cmake/stm32cubemx/CMakeFiles/STM32_Drivers.dir/__/__/Drivers/STM32F3xx_HAL_Driver/Src/stm32f3xx_hal_pcd.c.obj
                0x080037e4                HAL_PCD_EP_Close
 .text.HAL_PCD_EP_Receive
                0x08003874       0x62 cmake/stm32cubemx/CMakeFiles/STM32_Drivers.dir/__/__/Drivers/STM32F3xx_HAL_Driver/Src/stm32f3xx_hal_pcd.c.obj
                0x08003874                HAL_PCD_EP_Receive
 .text.HAL_PCD_EP_GetRxCount
                0x080038d6       0x30 cmake/stm32cubemx/CMakeFiles/STM32_Drivers.dir/__/__/Drivers/STM32F3xx_HAL_Driver/Src/stm32f3xx_hal_pcd.c.obj
                0x080038d6                HAL_PCD_EP_GetRxCount
 .text.HAL_PCD_EP_Transmit
                0x08003906       0x6e cmake/stm32cubemx/CMakeFiles/STM32_Drivers.dir/__/__/Drivers/STM32F3xx_HAL_Driver/Src/stm32f3xx_hal_pcd.c.obj
                0x08003906                HAL_PCD_EP_Transmit
 .text.HAL_PCD_EP_SetStall
                0x08003974       0xa4 cmake/stm32cubemx/CMakeFiles/STM32_Drivers.dir/__/__/Drivers/STM32F3xx_HAL_Driver/Src/stm32f3xx_hal_pcd.c.obj
                0x08003974                HAL_PCD_EP_SetStall
 .text.HAL_PCD_EP_ClrStall
                0x08003a18       0xa8 cmake/stm32cubemx/CMakeFiles/STM32_Drivers.dir/__/__/Drivers/STM32F3xx_HAL_Driver/Src/stm32f3xx_hal_pcd.c.obj
                0x08003a18                HAL_PCD_EP_ClrStall
 .text.PCD_EP_ISR_Handler
                0x08003ac0      0x79e cmake/stm32cubemx/CMakeFiles/STM32_Drivers.dir/__/__/Drivers/STM32F3xx_HAL_Driver/Src/stm32f3xx_hal_pcd.c.obj
 .text.HAL_PCD_EP_DB_Receive
                0x0800425e      0x21a cmake/stm32cubemx/CMakeFiles/STM32_Drivers.dir/__/__/Drivers/STM32F3xx_HAL_Driver/Src/stm32f3xx_hal_pcd.c.obj
 .text.HAL_PCD_EP_DB_Transmit
                0x08004478      0x7f4 cmake/stm32cubemx/CMakeFiles/STM32_Drivers.dir/__/__/Drivers/STM32F3xx_HAL_Driver/Src/stm32f3xx_hal_pcd.c.obj
 .text.HAL_PCDEx_PMAConfig
                0x08004c6c       0x86 cmake/stm32cubemx/CMakeFiles/STM32_Drivers.dir/__/__/Drivers/STM32F3xx_HAL_Driver/Src/stm32f3xx_hal_pcd_ex.c.obj
                0x08004c6c                HAL_PCDEx_PMAConfig
 *fill*         0x08004cf2        0x2 
 .text.HAL_Init
                0x08004cf4       0x2c cmake/stm32cubemx/CMakeFiles/STM32_Drivers.dir/__/__/Drivers/STM32F3xx_HAL_Driver/Src/stm32f3xx_hal.c.obj
                0x08004cf4                HAL_Init
 .text.HAL_InitTick
                0x08004d20       0x60 cmake/stm32cubemx/CMakeFiles/STM32_Drivers.dir/__/__/Drivers/STM32F3xx_HAL_Driver/Src/stm32f3xx_hal.c.obj
                0x08004d20                HAL_InitTick
 .text.HAL_IncTick
                0x08004d80       0x28 cmake/stm32cubemx/CMakeFiles/STM32_Drivers.dir/__/__/Drivers/STM32F3xx_HAL_Driver/Src/stm32f3xx_hal.c.obj
                0x08004d80                HAL_IncTick
 .text.HAL_GetTick
                0x08004da8       0x18 cmake/stm32cubemx/CMakeFiles/STM32_Drivers.dir/__/__/Drivers/STM32F3xx_HAL_Driver/Src/stm32f3xx_hal.c.obj
                0x08004da8                HAL_GetTick
 .text.HAL_RCC_OscConfig
                0x08004dc0     0x101c cmake/stm32cubemx/CMakeFiles/STM32_Drivers.dir/__/__/Drivers/STM32F3xx_HAL_Driver/Src/stm32f3xx_hal_rcc.c.obj
                0x08004dc0                HAL_RCC_OscConfig
 .text.HAL_RCC_ClockConfig
                0x08005ddc      0x2dc cmake/stm32cubemx/CMakeFiles/STM32_Drivers.dir/__/__/Drivers/STM32F3xx_HAL_Driver/Src/stm32f3xx_hal_rcc.c.obj
                0x08005ddc                HAL_RCC_ClockConfig
 .text.HAL_RCC_GetSysClockFreq
                0x080060b8       0xa8 cmake/stm32cubemx/CMakeFiles/STM32_Drivers.dir/__/__/Drivers/STM32F3xx_HAL_Driver/Src/stm32f3xx_hal_rcc.c.obj
                0x080060b8                HAL_RCC_GetSysClockFreq
 .text.HAL_RCC_GetHCLKFreq
                0x08006160       0x18 cmake/stm32cubemx/CMakeFiles/STM32_Drivers.dir/__/__/Drivers/STM32F3xx_HAL_Driver/Src/stm32f3xx_hal_rcc.c.obj
                0x08006160                HAL_RCC_GetHCLKFreq
 .text.HAL_RCC_GetPCLK1Freq
                0x08006178       0x44 cmake/stm32cubemx/CMakeFiles/STM32_Drivers.dir/__/__/Drivers/STM32F3xx_HAL_Driver/Src/stm32f3xx_hal_rcc.c.obj
                0x08006178                HAL_RCC_GetPCLK1Freq
 .text.HAL_RCC_GetPCLK2Freq
                0x080061bc       0x44 cmake/stm32cubemx/CMakeFiles/STM32_Drivers.dir/__/__/Drivers/STM32F3xx_HAL_Driver/Src/stm32f3xx_hal_rcc.c.obj
                0x080061bc                HAL_RCC_GetPCLK2Freq
 .text.HAL_RCCEx_PeriphCLKConfig
                0x08006200      0x35c cmake/stm32cubemx/CMakeFiles/STM32_Drivers.dir/__/__/Drivers/STM32F3xx_HAL_Driver/Src/stm32f3xx_hal_rcc_ex.c.obj
                0x08006200                HAL_RCCEx_PeriphCLKConfig
 .text.HAL_GPIO_Init
                0x0800655c      0x2f4 cmake/stm32cubemx/CMakeFiles/STM32_Drivers.dir/__/__/Drivers/STM32F3xx_HAL_Driver/Src/stm32f3xx_hal_gpio.c.obj
                0x0800655c                HAL_GPIO_Init
 .text.HAL_GPIO_ReadPin
                0x08006850       0x30 cmake/stm32cubemx/CMakeFiles/STM32_Drivers.dir/__/__/Drivers/STM32F3xx_HAL_Driver/Src/stm32f3xx_hal_gpio.c.obj
                0x08006850                HAL_GPIO_ReadPin
 .text.HAL_GPIO_WritePin
                0x08006880       0x30 cmake/stm32cubemx/CMakeFiles/STM32_Drivers.dir/__/__/Drivers/STM32F3xx_HAL_Driver/Src/stm32f3xx_hal_gpio.c.obj
                0x08006880                HAL_GPIO_WritePin
 .text.__NVIC_SetPriorityGrouping
                0x080068b0       0x48 cmake/stm32cubemx/CMakeFiles/STM32_Drivers.dir/__/__/Drivers/STM32F3xx_HAL_Driver/Src/stm32f3xx_hal_cortex.c.obj
 .text.__NVIC_GetPriorityGrouping
                0x080068f8       0x1c cmake/stm32cubemx/CMakeFiles/STM32_Drivers.dir/__/__/Drivers/STM32F3xx_HAL_Driver/Src/stm32f3xx_hal_cortex.c.obj
 .text.__NVIC_EnableIRQ
                0x08006914       0x3c cmake/stm32cubemx/CMakeFiles/STM32_Drivers.dir/__/__/Drivers/STM32F3xx_HAL_Driver/Src/stm32f3xx_hal_cortex.c.obj
 .text.__NVIC_SetPriority
                0x08006950       0x54 cmake/stm32cubemx/CMakeFiles/STM32_Drivers.dir/__/__/Drivers/STM32F3xx_HAL_Driver/Src/stm32f3xx_hal_cortex.c.obj
 .text.NVIC_EncodePriority
                0x080069a4       0x66 cmake/stm32cubemx/CMakeFiles/STM32_Drivers.dir/__/__/Drivers/STM32F3xx_HAL_Driver/Src/stm32f3xx_hal_cortex.c.obj
 *fill*         0x08006a0a        0x2 
 .text.SysTick_Config
                0x08006a0c       0x44 cmake/stm32cubemx/CMakeFiles/STM32_Drivers.dir/__/__/Drivers/STM32F3xx_HAL_Driver/Src/stm32f3xx_hal_cortex.c.obj
 .text.HAL_NVIC_SetPriorityGrouping
                0x08006a50       0x16 cmake/stm32cubemx/CMakeFiles/STM32_Drivers.dir/__/__/Drivers/STM32F3xx_HAL_Driver/Src/stm32f3xx_hal_cortex.c.obj
                0x08006a50                HAL_NVIC_SetPriorityGrouping
 .text.HAL_NVIC_SetPriority
                0x08006a66       0x38 cmake/stm32cubemx/CMakeFiles/STM32_Drivers.dir/__/__/Drivers/STM32F3xx_HAL_Driver/Src/stm32f3xx_hal_cortex.c.obj
                0x08006a66                HAL_NVIC_SetPriority
 .text.HAL_NVIC_EnableIRQ
                0x08006a9e       0x1c cmake/stm32cubemx/CMakeFiles/STM32_Drivers.dir/__/__/Drivers/STM32F3xx_HAL_Driver/Src/stm32f3xx_hal_cortex.c.obj
                0x08006a9e                HAL_NVIC_EnableIRQ
 .text.HAL_SYSTICK_Config
                0x08006aba       0x18 cmake/stm32cubemx/CMakeFiles/STM32_Drivers.dir/__/__/Drivers/STM32F3xx_HAL_Driver/Src/stm32f3xx_hal_cortex.c.obj
                0x08006aba                HAL_SYSTICK_Config
 .text.HAL_I2C_Init
                0x08006ad2      0x136 cmake/stm32cubemx/CMakeFiles/STM32_Drivers.dir/__/__/Drivers/STM32F3xx_HAL_Driver/Src/stm32f3xx_hal_i2c.c.obj
                0x08006ad2                HAL_I2C_Init
 .text.HAL_I2CEx_ConfigAnalogFilter
                0x08006c08       0x96 cmake/stm32cubemx/CMakeFiles/STM32_Drivers.dir/__/__/Drivers/STM32F3xx_HAL_Driver/Src/stm32f3xx_hal_i2c_ex.c.obj
                0x08006c08                HAL_I2CEx_ConfigAnalogFilter
 .text.HAL_I2CEx_ConfigDigitalFilter
                0x08006c9e       0x98 cmake/stm32cubemx/CMakeFiles/STM32_Drivers.dir/__/__/Drivers/STM32F3xx_HAL_Driver/Src/stm32f3xx_hal_i2c_ex.c.obj
                0x08006c9e                HAL_I2CEx_ConfigDigitalFilter
 .text.HAL_TIM_Base_Init
                0x08006d36       0xae cmake/stm32cubemx/CMakeFiles/STM32_Drivers.dir/__/__/Drivers/STM32F3xx_HAL_Driver/Src/stm32f3xx_hal_tim.c.obj
                0x08006d36                HAL_TIM_Base_Init
 .text.HAL_TIM_Base_Start_IT
                0x08006de4       0xd4 cmake/stm32cubemx/CMakeFiles/STM32_Drivers.dir/__/__/Drivers/STM32F3xx_HAL_Driver/Src/stm32f3xx_hal_tim.c.obj
                0x08006de4                HAL_TIM_Base_Start_IT
 .text.HAL_TIM_PWM_Init
                0x08006eb8       0xae cmake/stm32cubemx/CMakeFiles/STM32_Drivers.dir/__/__/Drivers/STM32F3xx_HAL_Driver/Src/stm32f3xx_hal_tim.c.obj
                0x08006eb8                HAL_TIM_PWM_Init
 *fill*         0x08006f66        0x2 
 .text.HAL_TIM_PWM_Start
                0x08006f68      0x200 cmake/stm32cubemx/CMakeFiles/STM32_Drivers.dir/__/__/Drivers/STM32F3xx_HAL_Driver/Src/stm32f3xx_hal_tim.c.obj
                0x08006f68                HAL_TIM_PWM_Start
 .text.HAL_TIM_PWM_ConfigChannel
                0x08007168      0x228 cmake/stm32cubemx/CMakeFiles/STM32_Drivers.dir/__/__/Drivers/STM32F3xx_HAL_Driver/Src/stm32f3xx_hal_tim.c.obj
                0x08007168                HAL_TIM_PWM_ConfigChannel
 .text.HAL_TIM_ConfigClockSource
                0x08007390      0x192 cmake/stm32cubemx/CMakeFiles/STM32_Drivers.dir/__/__/Drivers/STM32F3xx_HAL_Driver/Src/stm32f3xx_hal_tim.c.obj
                0x08007390                HAL_TIM_ConfigClockSource
 *fill*         0x08007522        0x2 
 .text.TIM_Base_SetConfig
                0x08007524      0x138 cmake/stm32cubemx/CMakeFiles/STM32_Drivers.dir/__/__/Drivers/STM32F3xx_HAL_Driver/Src/stm32f3xx_hal_tim.c.obj
                0x08007524                TIM_Base_SetConfig
 .text.TIM_OC1_SetConfig
                0x0800765c      0x120 cmake/stm32cubemx/CMakeFiles/STM32_Drivers.dir/__/__/Drivers/STM32F3xx_HAL_Driver/Src/stm32f3xx_hal_tim.c.obj
 .text.TIM_OC2_SetConfig
                0x0800777c      0x114 cmake/stm32cubemx/CMakeFiles/STM32_Drivers.dir/__/__/Drivers/STM32F3xx_HAL_Driver/Src/stm32f3xx_hal_tim.c.obj
                0x0800777c                TIM_OC2_SetConfig
 .text.TIM_OC3_SetConfig
                0x08007890      0x110 cmake/stm32cubemx/CMakeFiles/STM32_Drivers.dir/__/__/Drivers/STM32F3xx_HAL_Driver/Src/stm32f3xx_hal_tim.c.obj
 .text.TIM_OC4_SetConfig
                0x080079a0       0xd4 cmake/stm32cubemx/CMakeFiles/STM32_Drivers.dir/__/__/Drivers/STM32F3xx_HAL_Driver/Src/stm32f3xx_hal_tim.c.obj
 .text.TIM_OC5_SetConfig
                0x08007a74       0xc8 cmake/stm32cubemx/CMakeFiles/STM32_Drivers.dir/__/__/Drivers/STM32F3xx_HAL_Driver/Src/stm32f3xx_hal_tim.c.obj
 .text.TIM_OC6_SetConfig
                0x08007b3c       0xcc cmake/stm32cubemx/CMakeFiles/STM32_Drivers.dir/__/__/Drivers/STM32F3xx_HAL_Driver/Src/stm32f3xx_hal_tim.c.obj
 .text.TIM_TI1_ConfigInputStage
                0x08007c08       0x5e cmake/stm32cubemx/CMakeFiles/STM32_Drivers.dir/__/__/Drivers/STM32F3xx_HAL_Driver/Src/stm32f3xx_hal_tim.c.obj
 .text.TIM_TI2_ConfigInputStage
                0x08007c66       0x60 cmake/stm32cubemx/CMakeFiles/STM32_Drivers.dir/__/__/Drivers/STM32F3xx_HAL_Driver/Src/stm32f3xx_hal_tim.c.obj
 .text.TIM_ITRx_SetConfig
                0x08007cc6       0x36 cmake/stm32cubemx/CMakeFiles/STM32_Drivers.dir/__/__/Drivers/STM32F3xx_HAL_Driver/Src/stm32f3xx_hal_tim.c.obj
 .text.TIM_ETR_SetConfig
                0x08007cfc       0x40 cmake/stm32cubemx/CMakeFiles/STM32_Drivers.dir/__/__/Drivers/STM32F3xx_HAL_Driver/Src/stm32f3xx_hal_tim.c.obj
                0x08007cfc                TIM_ETR_SetConfig
 .text.TIM_CCxChannelCmd
                0x08007d3c       0x4a cmake/stm32cubemx/CMakeFiles/STM32_Drivers.dir/__/__/Drivers/STM32F3xx_HAL_Driver/Src/stm32f3xx_hal_tim.c.obj
                0x08007d3c                TIM_CCxChannelCmd
 *fill*         0x08007d86        0x2 
 .text.HAL_TIMEx_MasterConfigSynchronization
                0x08007d88      0x100 cmake/stm32cubemx/CMakeFiles/STM32_Drivers.dir/__/__/Drivers/STM32F3xx_HAL_Driver/Src/stm32f3xx_hal_tim_ex.c.obj
                0x08007d88                HAL_TIMEx_MasterConfigSynchronization
 .text.HAL_UART_Init
                0x08007e88       0x9c cmake/stm32cubemx/CMakeFiles/STM32_Drivers.dir/__/__/Drivers/STM32F3xx_HAL_Driver/Src/stm32f3xx_hal_uart.c.obj
                0x08007e88                HAL_UART_Init
 .text.HAL_UART_Transmit
                0x08007f24      0x112 cmake/stm32cubemx/CMakeFiles/STM32_Drivers.dir/__/__/Drivers/STM32F3xx_HAL_Driver/Src/stm32f3xx_hal_uart.c.obj
                0x08007f24                HAL_UART_Transmit
 *fill*         0x08008036        0x2 
 .text.UART_SetConfig
                0x08008038      0x3a8 cmake/stm32cubemx/CMakeFiles/STM32_Drivers.dir/__/__/Drivers/STM32F3xx_HAL_Driver/Src/stm32f3xx_hal_uart.c.obj
                0x08008038                UART_SetConfig
 .text.UART_AdvFeatureConfig
                0x080083e0      0x144 cmake/stm32cubemx/CMakeFiles/STM32_Drivers.dir/__/__/Drivers/STM32F3xx_HAL_Driver/Src/stm32f3xx_hal_uart.c.obj
                0x080083e0                UART_AdvFeatureConfig
 .text.UART_CheckIdleState
                0x08008524      0x150 cmake/stm32cubemx/CMakeFiles/STM32_Drivers.dir/__/__/Drivers/STM32F3xx_HAL_Driver/Src/stm32f3xx_hal_uart.c.obj
                0x08008524                UART_CheckIdleState
 .text.UART_WaitOnFlagUntilTimeout
                0x08008674       0xda cmake/stm32cubemx/CMakeFiles/STM32_Drivers.dir/__/__/Drivers/STM32F3xx_HAL_Driver/Src/stm32f3xx_hal_uart.c.obj
                0x08008674                UART_WaitOnFlagUntilTimeout
 .text.UART_EndRxTransfer
                0x0800874e       0xc8 cmake/stm32cubemx/CMakeFiles/STM32_Drivers.dir/__/__/Drivers/STM32F3xx_HAL_Driver/Src/stm32f3xx_hal_uart.c.obj
 .text.USBD_Init
                0x08008816       0x56 cmake/stm32cubemx/CMakeFiles/USB_Device_Library.dir/__/__/Middlewares/ST/STM32_USB_Device_Library/Core/Src/usbd_core.c.obj
                0x08008816                USBD_Init
 .text.USBD_RegisterClass
                0x0800886c       0x34 cmake/stm32cubemx/CMakeFiles/USB_Device_Library.dir/__/__/Middlewares/ST/STM32_USB_Device_Library/Core/Src/usbd_core.c.obj
                0x0800886c                USBD_RegisterClass
 .text.USBD_Start
                0x080088a0       0x18 cmake/stm32cubemx/CMakeFiles/USB_Device_Library.dir/__/__/Middlewares/ST/STM32_USB_Device_Library/Core/Src/usbd_core.c.obj
                0x080088a0                USBD_Start
 .text.USBD_RunTestMode
                0x080088b8       0x16 cmake/stm32cubemx/CMakeFiles/USB_Device_Library.dir/__/__/Middlewares/ST/STM32_USB_Device_Library/Core/Src/usbd_core.c.obj
                0x080088b8                USBD_RunTestMode
 .text.USBD_SetClassConfig
                0x080088ce       0x3e cmake/stm32cubemx/CMakeFiles/USB_Device_Library.dir/__/__/Middlewares/ST/STM32_USB_Device_Library/Core/Src/usbd_core.c.obj
                0x080088ce                USBD_SetClassConfig
 .text.USBD_ClrClassConfig
                0x0800890c       0x26 cmake/stm32cubemx/CMakeFiles/USB_Device_Library.dir/__/__/Middlewares/ST/STM32_USB_Device_Library/Core/Src/usbd_core.c.obj
                0x0800890c                USBD_ClrClassConfig
 .text.USBD_LL_SetupStage
                0x08008932       0x9a cmake/stm32cubemx/CMakeFiles/USB_Device_Library.dir/__/__/Middlewares/ST/STM32_USB_Device_Library/Core/Src/usbd_core.c.obj
                0x08008932                USBD_LL_SetupStage
 .text.USBD_LL_DataOutStage
                0x080089cc       0xe2 cmake/stm32cubemx/CMakeFiles/USB_Device_Library.dir/__/__/Middlewares/ST/STM32_USB_Device_Library/Core/Src/usbd_core.c.obj
                0x080089cc                USBD_LL_DataOutStage
 .text.USBD_LL_DataInStage
                0x08008aae      0x14a cmake/stm32cubemx/CMakeFiles/USB_Device_Library.dir/__/__/Middlewares/ST/STM32_USB_Device_Library/Core/Src/usbd_core.c.obj
                0x08008aae                USBD_LL_DataInStage
 .text.USBD_LL_Reset
                0x08008bf8       0x82 cmake/stm32cubemx/CMakeFiles/USB_Device_Library.dir/__/__/Middlewares/ST/STM32_USB_Device_Library/Core/Src/usbd_core.c.obj
                0x08008bf8                USBD_LL_Reset
 .text.USBD_LL_SetSpeed
                0x08008c7a       0x20 cmake/stm32cubemx/CMakeFiles/USB_Device_Library.dir/__/__/Middlewares/ST/STM32_USB_Device_Library/Core/Src/usbd_core.c.obj
                0x08008c7a                USBD_LL_SetSpeed
 .text.USBD_LL_Suspend
                0x08008c9a       0x2a cmake/stm32cubemx/CMakeFiles/USB_Device_Library.dir/__/__/Middlewares/ST/STM32_USB_Device_Library/Core/Src/usbd_core.c.obj
                0x08008c9a                USBD_LL_Suspend
 .text.USBD_LL_Resume
                0x08008cc4       0x2c cmake/stm32cubemx/CMakeFiles/USB_Device_Library.dir/__/__/Middlewares/ST/STM32_USB_Device_Library/Core/Src/usbd_core.c.obj
                0x08008cc4                USBD_LL_Resume
 .text.USBD_LL_SOF
                0x08008cf0       0x34 cmake/stm32cubemx/CMakeFiles/USB_Device_Library.dir/__/__/Middlewares/ST/STM32_USB_Device_Library/Core/Src/usbd_core.c.obj
                0x08008cf0                USBD_LL_SOF
 .text.USBD_StdDevReq
                0x08008d24       0xd4 cmake/stm32cubemx/CMakeFiles/USB_Device_Library.dir/__/__/Middlewares/ST/STM32_USB_Device_Library/Core/Src/usbd_ctlreq.c.obj
                0x08008d24                USBD_StdDevReq
 .text.USBD_StdItfReq
                0x08008df8       0x90 cmake/stm32cubemx/CMakeFiles/USB_Device_Library.dir/__/__/Middlewares/ST/STM32_USB_Device_Library/Core/Src/usbd_ctlreq.c.obj
                0x08008df8                USBD_StdItfReq
 .text.USBD_StdEPReq
                0x08008e88      0x2c6 cmake/stm32cubemx/CMakeFiles/USB_Device_Library.dir/__/__/Middlewares/ST/STM32_USB_Device_Library/Core/Src/usbd_ctlreq.c.obj
                0x08008e88                USBD_StdEPReq
 *fill*         0x0800914e        0x2 
 .text.USBD_GetDescriptor
                0x08009150      0x2d0 cmake/stm32cubemx/CMakeFiles/USB_Device_Library.dir/__/__/Middlewares/ST/STM32_USB_Device_Library/Core/Src/usbd_ctlreq.c.obj
 .text.USBD_SetAddress
                0x08009420       0x86 cmake/stm32cubemx/CMakeFiles/USB_Device_Library.dir/__/__/Middlewares/ST/STM32_USB_Device_Library/Core/Src/usbd_ctlreq.c.obj
 *fill*         0x080094a6        0x2 
 .text.USBD_SetConfig
                0x080094a8      0x11c cmake/stm32cubemx/CMakeFiles/USB_Device_Library.dir/__/__/Middlewares/ST/STM32_USB_Device_Library/Core/Src/usbd_ctlreq.c.obj
 .text.USBD_GetConfig
                0x080095c4       0x6a cmake/stm32cubemx/CMakeFiles/USB_Device_Library.dir/__/__/Middlewares/ST/STM32_USB_Device_Library/Core/Src/usbd_ctlreq.c.obj
 .text.USBD_GetStatus
                0x0800962e       0x66 cmake/stm32cubemx/CMakeFiles/USB_Device_Library.dir/__/__/Middlewares/ST/STM32_USB_Device_Library/Core/Src/usbd_ctlreq.c.obj
 .text.USBD_SetFeature
                0x08009694       0x28 cmake/stm32cubemx/CMakeFiles/USB_Device_Library.dir/__/__/Middlewares/ST/STM32_USB_Device_Library/Core/Src/usbd_ctlreq.c.obj
 .text.USBD_ClrFeature
                0x080096bc       0x42 cmake/stm32cubemx/CMakeFiles/USB_Device_Library.dir/__/__/Middlewares/ST/STM32_USB_Device_Library/Core/Src/usbd_ctlreq.c.obj
 .text.USBD_ParseSetupRequest
                0x080096fe       0x74 cmake/stm32cubemx/CMakeFiles/USB_Device_Library.dir/__/__/Middlewares/ST/STM32_USB_Device_Library/Core/Src/usbd_ctlreq.c.obj
                0x080096fe                USBD_ParseSetupRequest
 .text.USBD_CtlError
                0x08009772       0x22 cmake/stm32cubemx/CMakeFiles/USB_Device_Library.dir/__/__/Middlewares/ST/STM32_USB_Device_Library/Core/Src/usbd_ctlreq.c.obj
                0x08009772                USBD_CtlError
 .text.USBD_GetString
                0x08009794       0x84 cmake/stm32cubemx/CMakeFiles/USB_Device_Library.dir/__/__/Middlewares/ST/STM32_USB_Device_Library/Core/Src/usbd_ctlreq.c.obj
                0x08009794                USBD_GetString
 .text.USBD_GetLen
                0x08009818       0x30 cmake/stm32cubemx/CMakeFiles/USB_Device_Library.dir/__/__/Middlewares/ST/STM32_USB_Device_Library/Core/Src/usbd_ctlreq.c.obj
 .text.USBD_CtlSendData
                0x08009848       0x38 cmake/stm32cubemx/CMakeFiles/USB_Device_Library.dir/__/__/Middlewares/ST/STM32_USB_Device_Library/Core/Src/usbd_ioreq.c.obj
                0x08009848                USBD_CtlSendData
 .text.USBD_CtlContinueSendData
                0x08009880       0x24 cmake/stm32cubemx/CMakeFiles/USB_Device_Library.dir/__/__/Middlewares/ST/STM32_USB_Device_Library/Core/Src/usbd_ioreq.c.obj
                0x08009880                USBD_CtlContinueSendData
 .text.USBD_CtlPrepareRx
                0x080098a4       0x3c cmake/stm32cubemx/CMakeFiles/USB_Device_Library.dir/__/__/Middlewares/ST/STM32_USB_Device_Library/Core/Src/usbd_ioreq.c.obj
                0x080098a4                USBD_CtlPrepareRx
 .text.USBD_CtlContinueRx
                0x080098e0       0x24 cmake/stm32cubemx/CMakeFiles/USB_Device_Library.dir/__/__/Middlewares/ST/STM32_USB_Device_Library/Core/Src/usbd_ioreq.c.obj
                0x080098e0                USBD_CtlContinueRx
 .text.USBD_CtlSendStatus
                0x08009904       0x26 cmake/stm32cubemx/CMakeFiles/USB_Device_Library.dir/__/__/Middlewares/ST/STM32_USB_Device_Library/Core/Src/usbd_ioreq.c.obj
                0x08009904                USBD_CtlSendStatus
 .text.USBD_CtlReceiveStatus
                0x0800992a       0x26 cmake/stm32cubemx/CMakeFiles/USB_Device_Library.dir/__/__/Middlewares/ST/STM32_USB_Device_Library/Core/Src/usbd_ioreq.c.obj
                0x0800992a                USBD_CtlReceiveStatus
 .text.USBD_CDC_Init
                0x08009950       0xf4 cmake/stm32cubemx/CMakeFiles/USB_Device_Library.dir/__/__/Middlewares/ST/STM32_USB_Device_Library/Class/CDC/Src/usbd_cdc.c.obj
 .text.USBD_CDC_DeInit
                0x08009a44       0x6e cmake/stm32cubemx/CMakeFiles/USB_Device_Library.dir/__/__/Middlewares/ST/STM32_USB_Device_Library/Class/CDC/Src/usbd_cdc.c.obj
 .text.USBD_CDC_Setup
                0x08009ab2      0x146 cmake/stm32cubemx/CMakeFiles/USB_Device_Library.dir/__/__/Middlewares/ST/STM32_USB_Device_Library/Class/CDC/Src/usbd_cdc.c.obj
 .text.USBD_CDC_DataIn
                0x08009bf8       0xa6 cmake/stm32cubemx/CMakeFiles/USB_Device_Library.dir/__/__/Middlewares/ST/STM32_USB_Device_Library/Class/CDC/Src/usbd_cdc.c.obj
 .text.USBD_CDC_DataOut
                0x08009c9e       0x56 cmake/stm32cubemx/CMakeFiles/USB_Device_Library.dir/__/__/Middlewares/ST/STM32_USB_Device_Library/Class/CDC/Src/usbd_cdc.c.obj
 .text.USBD_CDC_EP0_RxReady
                0x08009cf4       0x4e cmake/stm32cubemx/CMakeFiles/USB_Device_Library.dir/__/__/Middlewares/ST/STM32_USB_Device_Library/Class/CDC/Src/usbd_cdc.c.obj
 *fill*         0x08009d42        0x2 
 .text.USBD_CDC_GetFSCfgDesc
                0x08009d44       0x20 cmake/stm32cubemx/CMakeFiles/USB_Device_Library.dir/__/__/Middlewares/ST/STM32_USB_Device_Library/Class/CDC/Src/usbd_cdc.c.obj
 .text.USBD_CDC_GetHSCfgDesc
                0x08009d64       0x20 cmake/stm32cubemx/CMakeFiles/USB_Device_Library.dir/__/__/Middlewares/ST/STM32_USB_Device_Library/Class/CDC/Src/usbd_cdc.c.obj
 .text.USBD_CDC_GetOtherSpeedCfgDesc
                0x08009d84       0x20 cmake/stm32cubemx/CMakeFiles/USB_Device_Library.dir/__/__/Middlewares/ST/STM32_USB_Device_Library/Class/CDC/Src/usbd_cdc.c.obj
 .text.USBD_CDC_GetDeviceQualifierDescriptor
                0x08009da4       0x20 cmake/stm32cubemx/CMakeFiles/USB_Device_Library.dir/__/__/Middlewares/ST/STM32_USB_Device_Library/Class/CDC/Src/usbd_cdc.c.obj
                0x08009da4                USBD_CDC_GetDeviceQualifierDescriptor
 .text.USBD_CDC_RegisterInterface
                0x08009dc4       0x2e cmake/stm32cubemx/CMakeFiles/USB_Device_Library.dir/__/__/Middlewares/ST/STM32_USB_Device_Library/Class/CDC/Src/usbd_cdc.c.obj
                0x08009dc4                USBD_CDC_RegisterInterface
 .text.USBD_CDC_SetTxBuffer
                0x08009df2       0x34 cmake/stm32cubemx/CMakeFiles/USB_Device_Library.dir/__/__/Middlewares/ST/STM32_USB_Device_Library/Class/CDC/Src/usbd_cdc.c.obj
                0x08009df2                USBD_CDC_SetTxBuffer
 .text.USBD_CDC_SetRxBuffer
                0x08009e26       0x28 cmake/stm32cubemx/CMakeFiles/USB_Device_Library.dir/__/__/Middlewares/ST/STM32_USB_Device_Library/Class/CDC/Src/usbd_cdc.c.obj
                0x08009e26                USBD_CDC_SetRxBuffer
 .text.USBD_CDC_ReceivePacket
                0x08009e4e       0x54 cmake/stm32cubemx/CMakeFiles/USB_Device_Library.dir/__/__/Middlewares/ST/STM32_USB_Device_Library/Class/CDC/Src/usbd_cdc.c.obj
                0x08009e4e                USBD_CDC_ReceivePacket
 *fill*         0x08009ea2        0x2 
 .text.HAL_PCD_MspInit
                0x08009ea4       0x98 CMakeFiles/Lab06_final.dir/USB_DEVICE/Target/usbd_conf.c.obj
                0x08009ea4                HAL_PCD_MspInit
 .text.HAL_PCD_SetupStageCallback
                0x08009f3c       0x24 CMakeFiles/Lab06_final.dir/USB_DEVICE/Target/usbd_conf.c.obj
                0x08009f3c                HAL_PCD_SetupStageCallback
 .text.HAL_PCD_DataOutStageCallback
                0x08009f60       0x36 CMakeFiles/Lab06_final.dir/USB_DEVICE/Target/usbd_conf.c.obj
                0x08009f60                HAL_PCD_DataOutStageCallback
 .text.HAL_PCD_DataInStageCallback
                0x08009f96       0x34 CMakeFiles/Lab06_final.dir/USB_DEVICE/Target/usbd_conf.c.obj
                0x08009f96                HAL_PCD_DataInStageCallback
 .text.HAL_PCD_SOFCallback
                0x08009fca       0x1c CMakeFiles/Lab06_final.dir/USB_DEVICE/Target/usbd_conf.c.obj
                0x08009fca                HAL_PCD_SOFCallback
 .text.HAL_PCD_ResetCallback
                0x08009fe6       0x3c CMakeFiles/Lab06_final.dir/USB_DEVICE/Target/usbd_conf.c.obj
                0x08009fe6                HAL_PCD_ResetCallback
 *fill*         0x0800a022        0x2 
 .text.HAL_PCD_SuspendCallback
                0x0800a024       0x34 CMakeFiles/Lab06_final.dir/USB_DEVICE/Target/usbd_conf.c.obj
                0x0800a024                HAL_PCD_SuspendCallback
 .text.HAL_PCD_ResumeCallback
                0x0800a058       0x1c CMakeFiles/Lab06_final.dir/USB_DEVICE/Target/usbd_conf.c.obj
                0x0800a058                HAL_PCD_ResumeCallback
 .text.USBD_LL_Init
                0x0800a074       0xb4 CMakeFiles/Lab06_final.dir/USB_DEVICE/Target/usbd_conf.c.obj
                0x0800a074                USBD_LL_Init
 .text.USBD_LL_Start
                0x0800a128       0x36 CMakeFiles/Lab06_final.dir/USB_DEVICE/Target/usbd_conf.c.obj
                0x0800a128                USBD_LL_Start
 .text.USBD_LL_OpenEP
                0x0800a15e       0x4c CMakeFiles/Lab06_final.dir/USB_DEVICE/Target/usbd_conf.c.obj
                0x0800a15e                USBD_LL_OpenEP
 .text.USBD_LL_CloseEP
                0x0800a1aa       0x3e CMakeFiles/Lab06_final.dir/USB_DEVICE/Target/usbd_conf.c.obj
                0x0800a1aa                USBD_LL_CloseEP
 .text.USBD_LL_StallEP
                0x0800a1e8       0x3e CMakeFiles/Lab06_final.dir/USB_DEVICE/Target/usbd_conf.c.obj
                0x0800a1e8                USBD_LL_StallEP
 .text.USBD_LL_ClearStallEP
                0x0800a226       0x3e CMakeFiles/Lab06_final.dir/USB_DEVICE/Target/usbd_conf.c.obj
                0x0800a226                USBD_LL_ClearStallEP
 .text.USBD_LL_IsStallEP
                0x0800a264       0x58 CMakeFiles/Lab06_final.dir/USB_DEVICE/Target/usbd_conf.c.obj
                0x0800a264                USBD_LL_IsStallEP
 .text.USBD_LL_SetUSBAddress
                0x0800a2bc       0x3e CMakeFiles/Lab06_final.dir/USB_DEVICE/Target/usbd_conf.c.obj
                0x0800a2bc                USBD_LL_SetUSBAddress
 .text.USBD_LL_Transmit
                0x0800a2fa       0x46 CMakeFiles/Lab06_final.dir/USB_DEVICE/Target/usbd_conf.c.obj
                0x0800a2fa                USBD_LL_Transmit
 .text.USBD_LL_PrepareReceive
                0x0800a340       0x46 CMakeFiles/Lab06_final.dir/USB_DEVICE/Target/usbd_conf.c.obj
                0x0800a340                USBD_LL_PrepareReceive
 .text.USBD_LL_GetRxDataSize
                0x0800a386       0x26 CMakeFiles/Lab06_final.dir/USB_DEVICE/Target/usbd_conf.c.obj
                0x0800a386                USBD_LL_GetRxDataSize
 .text.USBD_static_malloc
                0x0800a3ac       0x1c CMakeFiles/Lab06_final.dir/USB_DEVICE/Target/usbd_conf.c.obj
                0x0800a3ac                USBD_static_malloc
 .text.USBD_static_free
                0x0800a3c8       0x14 CMakeFiles/Lab06_final.dir/USB_DEVICE/Target/usbd_conf.c.obj
                0x0800a3c8                USBD_static_free
 .text.HAL_PCDEx_SetConnectionState
                0x0800a3dc       0x18 CMakeFiles/Lab06_final.dir/USB_DEVICE/Target/usbd_conf.c.obj
                0x0800a3dc                HAL_PCDEx_SetConnectionState
 .text.USBD_Get_USB_Status
                0x0800a3f4       0x58 CMakeFiles/Lab06_final.dir/USB_DEVICE/Target/usbd_conf.c.obj
 .text.MX_USB_DEVICE_Init
                0x0800a44c       0x60 CMakeFiles/Lab06_final.dir/USB_DEVICE/App/usb_device.c.obj
                0x0800a44c                MX_USB_DEVICE_Init
 .text.USBD_FS_DeviceDescriptor
                0x0800a4ac       0x24 CMakeFiles/Lab06_final.dir/USB_DEVICE/App/usbd_desc.c.obj
                0x0800a4ac                USBD_FS_DeviceDescriptor
 .text.USBD_FS_LangIDStrDescriptor
                0x0800a4d0       0x24 CMakeFiles/Lab06_final.dir/USB_DEVICE/App/usbd_desc.c.obj
                0x0800a4d0                USBD_FS_LangIDStrDescriptor
 .text.USBD_FS_ProductStrDescriptor
                0x0800a4f4       0x3c CMakeFiles/Lab06_final.dir/USB_DEVICE/App/usbd_desc.c.obj
                0x0800a4f4                USBD_FS_ProductStrDescriptor
 .text.USBD_FS_ManufacturerStrDescriptor
                0x0800a530       0x28 CMakeFiles/Lab06_final.dir/USB_DEVICE/App/usbd_desc.c.obj
                0x0800a530                USBD_FS_ManufacturerStrDescriptor
 .text.USBD_FS_SerialStrDescriptor
                0x0800a558       0x24 CMakeFiles/Lab06_final.dir/USB_DEVICE/App/usbd_desc.c.obj
                0x0800a558                USBD_FS_SerialStrDescriptor
 .text.USBD_FS_ConfigStrDescriptor
                0x0800a57c       0x3c CMakeFiles/Lab06_final.dir/USB_DEVICE/App/usbd_desc.c.obj
                0x0800a57c                USBD_FS_ConfigStrDescriptor
 .text.USBD_FS_InterfaceStrDescriptor
                0x0800a5b8       0x3c CMakeFiles/Lab06_final.dir/USB_DEVICE/App/usbd_desc.c.obj
                0x0800a5b8                USBD_FS_InterfaceStrDescriptor
 .text.Get_SerialNum
                0x0800a5f4       0x58 CMakeFiles/Lab06_final.dir/USB_DEVICE/App/usbd_desc.c.obj
 .text.IntToUnicode
                0x0800a64c       0x7e CMakeFiles/Lab06_final.dir/USB_DEVICE/App/usbd_desc.c.obj
 *fill*         0x0800a6ca        0x2 
 .text.CDC_Init_FS
                0x0800a6cc       0x28 CMakeFiles/Lab06_final.dir/USB_DEVICE/App/usbd_cdc_if.c.obj
 .text.CDC_DeInit_FS
                0x0800a6f4       0x10 CMakeFiles/Lab06_final.dir/USB_DEVICE/App/usbd_cdc_if.c.obj
 .text.CDC_Control_FS
                0x0800a704       0xbc CMakeFiles/Lab06_final.dir/USB_DEVICE/App/usbd_cdc_if.c.obj
 .text.CDC_Receive_FS
                0x0800a7c0       0x28 CMakeFiles/Lab06_final.dir/USB_DEVICE/App/usbd_cdc_if.c.obj
 .text.main     0x0800a7e8      0x128 CMakeFiles/Lab06_final.dir/Core/Src/main.c.obj
                0x0800a7e8                main
 .text.SystemClock_Config
                0x0800a910       0xc8 CMakeFiles/Lab06_final.dir/Core/Src/main.c.obj
                0x0800a910                SystemClock_Config
 .text.MX_I2C1_Init
                0x0800a9d8       0x80 CMakeFiles/Lab06_final.dir/Core/Src/main.c.obj
 .text.MX_TIM2_Init
                0x0800aa58       0x9c CMakeFiles/Lab06_final.dir/Core/Src/main.c.obj
 .text.MX_TIM3_Init
                0x0800aaf4       0xcc CMakeFiles/Lab06_final.dir/Core/Src/main.c.obj
 .text.MX_USART2_UART_Init
                0x0800abc0       0x60 CMakeFiles/Lab06_final.dir/Core/Src/main.c.obj
 .text.MX_GPIO_Init
                0x0800ac20      0x17c CMakeFiles/Lab06_final.dir/Core/Src/main.c.obj
 .text.RightMotor_Forward
                0x0800ad9c       0x3c CMakeFiles/Lab06_final.dir/Core/Src/main.c.obj
                0x0800ad9c                RightMotor_Forward
 .text.LeftMotor_Forward
                0x0800add8       0x38 CMakeFiles/Lab06_final.dir/Core/Src/main.c.obj
                0x0800add8                LeftMotor_Forward
 .text.myPrintf
                0x0800ae10       0x60 CMakeFiles/Lab06_final.dir/Core/Src/main.c.obj
                0x0800ae10                myPrintf
 .text.Error_Handler
                0x0800ae70        0xc CMakeFiles/Lab06_final.dir/Core/Src/main.c.obj
                0x0800ae70                Error_Handler
 .text.NMI_Handler
                0x0800ae7c        0x8 CMakeFiles/Lab06_final.dir/Core/Src/stm32f3xx_it.c.obj
                0x0800ae7c                NMI_Handler
 .text.HardFault_Handler
                0x0800ae84        0x8 CMakeFiles/Lab06_final.dir/Core/Src/stm32f3xx_it.c.obj
                0x0800ae84                HardFault_Handler
 .text.MemManage_Handler
                0x0800ae8c        0x8 CMakeFiles/Lab06_final.dir/Core/Src/stm32f3xx_it.c.obj
                0x0800ae8c                MemManage_Handler
 .text.BusFault_Handler
                0x0800ae94        0x8 CMakeFiles/Lab06_final.dir/Core/Src/stm32f3xx_it.c.obj
                0x0800ae94                BusFault_Handler
 .text.UsageFault_Handler
                0x0800ae9c        0x8 CMakeFiles/Lab06_final.dir/Core/Src/stm32f3xx_it.c.obj
                0x0800ae9c                UsageFault_Handler
 .text.SVC_Handler
                0x0800aea4        0xe CMakeFiles/Lab06_final.dir/Core/Src/stm32f3xx_it.c.obj
                0x0800aea4                SVC_Handler
 .text.DebugMon_Handler
                0x0800aeb2        0xe CMakeFiles/Lab06_final.dir/Core/Src/stm32f3xx_it.c.obj
                0x0800aeb2                DebugMon_Handler
 .text.PendSV_Handler
                0x0800aec0        0xe CMakeFiles/Lab06_final.dir/Core/Src/stm32f3xx_it.c.obj
                0x0800aec0                PendSV_Handler
 .text.SysTick_Handler
                0x0800aece        0xc CMakeFiles/Lab06_final.dir/Core/Src/stm32f3xx_it.c.obj
                0x0800aece                SysTick_Handler
 *fill*         0x0800aeda        0x2 
 .text.USB_LP_CAN_RX0_IRQHandler
                0x0800aedc       0x14 CMakeFiles/Lab06_final.dir/Core/Src/stm32f3xx_it.c.obj
                0x0800aedc                USB_LP_CAN_RX0_IRQHandler
 .text.HAL_MspInit
                0x0800aef0       0x48 CMakeFiles/Lab06_final.dir/Core/Src/stm32f3xx_hal_msp.c.obj
                0x0800aef0                HAL_MspInit
 .text.HAL_I2C_MspInit
                0x0800af38       0x88 CMakeFiles/Lab06_final.dir/Core/Src/stm32f3xx_hal_msp.c.obj
                0x0800af38                HAL_I2C_MspInit
 .text.HAL_TIM_Base_MspInit
                0x0800afc0       0x3c CMakeFiles/Lab06_final.dir/Core/Src/stm32f3xx_hal_msp.c.obj
                0x0800afc0                HAL_TIM_Base_MspInit
 .text.HAL_TIM_PWM_MspInit
                0x0800affc       0x40 CMakeFiles/Lab06_final.dir/Core/Src/stm32f3xx_hal_msp.c.obj
                0x0800affc                HAL_TIM_PWM_MspInit
 .text.HAL_TIM_MspPostInit
                0x0800b03c       0x6c CMakeFiles/Lab06_final.dir/Core/Src/stm32f3xx_hal_msp.c.obj
                0x0800b03c                HAL_TIM_MspPostInit
 .text.HAL_UART_MspInit
                0x0800b0a8       0x84 CMakeFiles/Lab06_final.dir/Core/Src/stm32f3xx_hal_msp.c.obj
                0x0800b0a8                HAL_UART_MspInit
 .text._sbrk    0x0800b12c       0x6c CMakeFiles/Lab06_final.dir/Core/Src/sysmem.c.obj
                0x0800b12c                _sbrk
 .text._getpid  0x0800b198       0x10 CMakeFiles/Lab06_final.dir/Core/Src/syscalls.c.obj
                0x0800b198                _getpid
 .text._kill    0x0800b1a8       0x20 CMakeFiles/Lab06_final.dir/Core/Src/syscalls.c.obj
                0x0800b1a8                _kill
 .text._exit    0x0800b1c8       0x16 CMakeFiles/Lab06_final.dir/Core/Src/syscalls.c.obj
                0x0800b1c8                _exit
 .text._read    0x0800b1de       0x3a CMakeFiles/Lab06_final.dir/Core/Src/syscalls.c.obj
                0x0800b1de                _read
 .text._write   0x0800b218       0x38 CMakeFiles/Lab06_final.dir/Core/Src/syscalls.c.obj
                0x0800b218                _write
 .text._close   0x0800b250       0x18 CMakeFiles/Lab06_final.dir/Core/Src/syscalls.c.obj
                0x0800b250                _close
 .text._fstat   0x0800b268       0x20 CMakeFiles/Lab06_final.dir/Core/Src/syscalls.c.obj
                0x0800b268                _fstat
 .text._isatty  0x0800b288       0x16 CMakeFiles/Lab06_final.dir/Core/Src/syscalls.c.obj
                0x0800b288                _isatty
 .text._lseek   0x0800b29e       0x1a CMakeFiles/Lab06_final.dir/Core/Src/syscalls.c.obj
                0x0800b29e                _lseek
 .text.Reset_Handler
                0x0800b2b8       0x50 CMakeFiles/Lab06_final.dir/startup_stm32f303xc.s.obj
                0x0800b2b8                Reset_Handler
 .text.Default_Handler
                0x0800b308        0x2 CMakeFiles/Lab06_final.dir/startup_stm32f303xc.s.obj
                0x0800b308                RTC_Alarm_IRQHandler
                0x0800b308                TIM8_TRG_COM_IRQHandler
                0x0800b308                TIM8_CC_IRQHandler
                0x0800b308                TIM1_CC_IRQHandler
                0x0800b308                USB_HP_IRQHandler
                0x0800b308                PVD_IRQHandler
                0x0800b308                TAMP_STAMP_IRQHandler
                0x0800b308                EXTI3_IRQHandler
                0x0800b308                USB_HP_CAN_TX_IRQHandler
                0x0800b308                EXTI0_IRQHandler
                0x0800b308                I2C2_EV_IRQHandler
                0x0800b308                FPU_IRQHandler
                0x0800b308                TIM1_UP_TIM16_IRQHandler
                0x0800b308                ADC1_2_IRQHandler
                0x0800b308                SPI1_IRQHandler
                0x0800b308                CAN_SCE_IRQHandler
                0x0800b308                TIM6_DAC_IRQHandler
                0x0800b308                TIM8_UP_IRQHandler
                0x0800b308                DMA2_Channel2_IRQHandler
                0x0800b308                DMA1_Channel4_IRQHandler
                0x0800b308                USART3_IRQHandler
                0x0800b308                DMA1_Channel7_IRQHandler
                0x0800b308                UART5_IRQHandler
                0x0800b308                ADC3_IRQHandler
                0x0800b308                TIM4_IRQHandler
                0x0800b308                CAN_RX1_IRQHandler
                0x0800b308                DMA2_Channel1_IRQHandler
                0x0800b308                I2C1_EV_IRQHandler
                0x0800b308                DMA1_Channel6_IRQHandler
                0x0800b308                UART4_IRQHandler
                0x0800b308                DMA2_Channel4_IRQHandler
                0x0800b308                TIM3_IRQHandler
                0x0800b308                RCC_IRQHandler
                0x0800b308                DMA1_Channel1_IRQHandler
                0x0800b308                Default_Handler
                0x0800b308                USBWakeUp_RMP_IRQHandler
                0x0800b308                EXTI15_10_IRQHandler
                0x0800b308                TIM7_IRQHandler
                0x0800b308                EXTI9_5_IRQHandler
                0x0800b308                RTC_WKUP_IRQHandler
                0x0800b308                SPI2_IRQHandler
                0x0800b308                DMA2_Channel5_IRQHandler
                0x0800b308                DMA1_Channel5_IRQHandler
                0x0800b308                USB_LP_IRQHandler
                0x0800b308                EXTI4_IRQHandler
                0x0800b308                TIM1_TRG_COM_TIM17_IRQHandler
                0x0800b308                DMA1_Channel3_IRQHandler
                0x0800b308                ADC4_IRQHandler
                0x0800b308                WWDG_IRQHandler
                0x0800b308                TIM2_IRQHandler
                0x0800b308                COMP7_IRQHandler
                0x0800b308                COMP1_2_3_IRQHandler
                0x0800b308                EXTI1_IRQHandler
                0x0800b308                USART2_IRQHandler
                0x0800b308                COMP4_5_6_IRQHandler
                0x0800b308                I2C2_ER_IRQHandler
                0x0800b308                DMA1_Channel2_IRQHandler
                0x0800b308                TIM8_BRK_IRQHandler
                0x0800b308                FLASH_IRQHandler
                0x0800b308                USART1_IRQHandler
                0x0800b308                SPI3_IRQHandler
                0x0800b308                I2C1_ER_IRQHandler
                0x0800b308                USBWakeUp_IRQHandler
                0x0800b308                DMA2_Channel3_IRQHandler
                0x0800b308                EXTI2_TSC_IRQHandler
                0x0800b308                TIM1_BRK_TIM15_IRQHandler
 .text.__cvt    0x0800b30a       0xca /home/abeer-ansari/.local/share/stm32cube/bundles/gnu-tools-for-stm32/14.3.1+st.2/bin/../lib/gcc/arm-none-eabi/14.3.1/../../../../arm-none-eabi/lib/thumb/v7e-m+fp/hard/libg_nano.a(libc_a-nano-vfprintf_float.o)
                0x0800b30a                __cvt
 .text.__exponent
                0x0800b3d4       0x74 /home/abeer-ansari/.local/share/stm32cube/bundles/gnu-tools-for-stm32/14.3.1+st.2/bin/../lib/gcc/arm-none-eabi/14.3.1/../../../../arm-none-eabi/lib/thumb/v7e-m+fp/hard/libg_nano.a(libc_a-nano-vfprintf_float.o)
                0x0800b3d4                __exponent
 .text._printf_float
                0x0800b448      0x450 /home/abeer-ansari/.local/share/stm32cube/bundles/gnu-tools-for-stm32/14.3.1+st.2/bin/../lib/gcc/arm-none-eabi/14.3.1/../../../../arm-none-eabi/lib/thumb/v7e-m+fp/hard/libg_nano.a(libc_a-nano-vfprintf_float.o)
                0x0800b448                _printf_float
 .text._printf_common
                0x0800b898       0xda /home/abeer-ansari/.local/share/stm32cube/bundles/gnu-tools-for-stm32/14.3.1+st.2/bin/../lib/gcc/arm-none-eabi/14.3.1/../../../../arm-none-eabi/lib/thumb/v7e-m+fp/hard/libg_nano.a(libc_a-nano-vfprintf_i.o)
                0x0800b898                _printf_common
 *fill*         0x0800b972        0x2 
 .text._printf_i
                0x0800b974      0x24c /home/abeer-ansari/.local/share/stm32cube/bundles/gnu-tools-for-stm32/14.3.1+st.2/bin/../lib/gcc/arm-none-eabi/14.3.1/../../../../arm-none-eabi/lib/thumb/v7e-m+fp/hard/libg_nano.a(libc_a-nano-vfprintf_i.o)
                0x0800b974                _printf_i
 .text.std      0x0800bbc0       0x6c /home/abeer-ansari/.local/share/stm32cube/bundles/gnu-tools-for-stm32/14.3.1+st.2/bin/../lib/gcc/arm-none-eabi/14.3.1/../../../../arm-none-eabi/lib/thumb/v7e-m+fp/hard/libg_nano.a(libc_a-findfp.o)
 .text.stdio_exit_handler
                0x0800bc2c       0x18 /home/abeer-ansari/.local/share/stm32cube/bundles/gnu-tools-for-stm32/14.3.1+st.2/bin/../lib/gcc/arm-none-eabi/14.3.1/../../../../arm-none-eabi/lib/thumb/v7e-m+fp/hard/libg_nano.a(libc_a-findfp.o)
 .text.cleanup_stdio
                0x0800bc44       0x40 /home/abeer-ansari/.local/share/stm32cube/bundles/gnu-tools-for-stm32/14.3.1+st.2/bin/../lib/gcc/arm-none-eabi/14.3.1/../../../../arm-none-eabi/lib/thumb/v7e-m+fp/hard/libg_nano.a(libc_a-findfp.o)
 .text.global_stdio_init.part.0
                0x0800bc84       0x40 /home/abeer-ansari/.local/share/stm32cube/bundles/gnu-tools-for-stm32/14.3.1+st.2/bin/../lib/gcc/arm-none-eabi/14.3.1/../../../../arm-none-eabi/lib/thumb/v7e-m+fp/hard/libg_nano.a(libc_a-findfp.o)
 .text.__sfp_lock_acquire
                0x0800bcc4        0xc /home/abeer-ansari/.local/share/stm32cube/bundles/gnu-tools-for-stm32/14.3.1+st.2/bin/../lib/gcc/arm-none-eabi/14.3.1/../../../../arm-none-eabi/lib/thumb/v7e-m+fp/hard/libg_nano.a(libc_a-findfp.o)
                0x0800bcc4                __sfp_lock_acquire
 .text.__sfp_lock_release
                0x0800bcd0        0xc /home/abeer-ansari/.local/share/stm32cube/bundles/gnu-tools-for-stm32/14.3.1+st.2/bin/../lib/gcc/arm-none-eabi/14.3.1/../../../../arm-none-eabi/lib/thumb/v7e-m+fp/hard/libg_nano.a(libc_a-findfp.o)
                0x0800bcd0                __sfp_lock_release
 .text.__sinit  0x0800bcdc       0x30 /home/abeer-ansari/.local/share/stm32cube/bundles/gnu-tools-for-stm32/14.3.1+st.2/bin/../lib/gcc/arm-none-eabi/14.3.1/../../../../arm-none-eabi/lib/thumb/v7e-m+fp/hard/libg_nano.a(libc_a-findfp.o)
                0x0800bcdc                __sinit
 .text._fwalk_sglue
                0x0800bd0c       0x3c /home/abeer-ansari/.local/share/stm32cube/bundles/gnu-tools-for-stm32/14.3.1+st.2/bin/../lib/gcc/arm-none-eabi/14.3.1/../../../../arm-none-eabi/lib/thumb/v7e-m+fp/hard/libg_nano.a(libc_a-fwalk.o)
                0x0800bd0c                _fwalk_sglue
 .text.__sread  0x0800bd48       0x22 /home/abeer-ansari/.local/share/stm32cube/bundles/gnu-tools-for-stm32/14.3.1+st.2/bin/../lib/gcc/arm-none-eabi/14.3.1/../../../../arm-none-eabi/lib/thumb/v7e-m+fp/hard/libg_nano.a(libc_a-stdio.o)
                0x0800bd48                __sread
 .text.__swrite
                0x0800bd6a       0x38 /home/abeer-ansari/.local/share/stm32cube/bundles/gnu-tools-for-stm32/14.3.1+st.2/bin/../lib/gcc/arm-none-eabi/14.3.1/../../../../arm-none-eabi/lib/thumb/v7e-m+fp/hard/libg_nano.a(libc_a-stdio.o)
                0x0800bd6a                __swrite
 .text.__sseek  0x0800bda2       0x26 /home/abeer-ansari/.local/share/stm32cube/bundles/gnu-tools-for-stm32/14.3.1+st.2/bin/../lib/gcc/arm-none-eabi/14.3.1/../../../../arm-none-eabi/lib/thumb/v7e-m+fp/hard/libg_nano.a(libc_a-stdio.o)
                0x0800bda2                __sseek
 .text.__sclose
                0x0800bdc8        0x8 /home/abeer-ansari/.local/share/stm32cube/bundles/gnu-tools-for-stm32/14.3.1+st.2/bin/../lib/gcc/arm-none-eabi/14.3.1/../../../../arm-none-eabi/lib/thumb/v7e-m+fp/hard/libg_nano.a(libc_a-stdio.o)
                0x0800bdc8                __sclose
 .text._vsnprintf_r
                0x0800bdd0       0x5c /home/abeer-ansari/.local/share/stm32cube/bundles/gnu-tools-for-stm32/14.3.1+st.2/bin/../lib/gcc/arm-none-eabi/14.3.1/../../../../arm-none-eabi/lib/thumb/v7e-m+fp/hard/libg_nano.a(libc_a-vsnprintf.o)
                0x0800bdd0                _vsnprintf_r
                0x0800bdd0                _vsniprintf_r
 .text.vsnprintf
                0x0800be2c       0x1c /home/abeer-ansari/.local/share/stm32cube/bundles/gnu-tools-for-stm32/14.3.1+st.2/bin/../lib/gcc/arm-none-eabi/14.3.1/../../../../arm-none-eabi/lib/thumb/v7e-m+fp/hard/libg_nano.a(libc_a-vsnprintf.o)
                0x0800be2c                vsnprintf
                0x0800be2c                vsniprintf
 .text.memset   0x0800be48       0x10 /home/abeer-ansari/.local/share/stm32cube/bundles/gnu-tools-for-stm32/14.3.1+st.2/bin/../lib/gcc/arm-none-eabi/14.3.1/../../../../arm-none-eabi/lib/thumb/v7e-m+fp/hard/libg_nano.a(libc_a-memset.o)
                0x0800be48                memset
 .text._localeconv_r
                0x0800be58        0x8 /home/abeer-ansari/.local/share/stm32cube/bundles/gnu-tools-for-stm32/14.3.1+st.2/bin/../lib/gcc/arm-none-eabi/14.3.1/../../../../arm-none-eabi/lib/thumb/v7e-m+fp/hard/libg_nano.a(libc_a-localeconv.o)
                0x0800be58                _localeconv_r
 .text._close_r
                0x0800be60       0x20 /home/abeer-ansari/.local/share/stm32cube/bundles/gnu-tools-for-stm32/14.3.1+st.2/bin/../lib/gcc/arm-none-eabi/14.3.1/../../../../arm-none-eabi/lib/thumb/v7e-m+fp/hard/libg_nano.a(libc_a-closer.o)
                0x0800be60                _close_r
 .text._lseek_r
                0x0800be80       0x24 /home/abeer-ansari/.local/share/stm32cube/bundles/gnu-tools-for-stm32/14.3.1+st.2/bin/../lib/gcc/arm-none-eabi/14.3.1/../../../../arm-none-eabi/lib/thumb/v7e-m+fp/hard/libg_nano.a(libc_a-lseekr.o)
                0x0800be80                _lseek_r
 .text._read_r  0x0800bea4       0x24 /home/abeer-ansari/.local/share/stm32cube/bundles/gnu-tools-for-stm32/14.3.1+st.2/bin/../lib/gcc/arm-none-eabi/14.3.1/../../../../arm-none-eabi/lib/thumb/v7e-m+fp/hard/libg_nano.a(libc_a-readr.o)
                0x0800bea4                _read_r
 .text._write_r
                0x0800bec8       0x24 /home/abeer-ansari/.local/share/stm32cube/bundles/gnu-tools-for-stm32/14.3.1+st.2/bin/../lib/gcc/arm-none-eabi/14.3.1/../../../../arm-none-eabi/lib/thumb/v7e-m+fp/hard/libg_nano.a(libc_a-writer.o)
                0x0800bec8                _write_r
 .text.__errno  0x0800beec        0xc /home/abeer-ansari/.local/share/stm32cube/bundles/gnu-tools-for-stm32/14.3.1+st.2/bin/../lib/gcc/arm-none-eabi/14.3.1/../../../../arm-none-eabi/lib/thumb/v7e-m+fp/hard/libg_nano.a(libc_a-errno.o)
                0x0800beec                __errno
 .text.__libc_init_array
                0x0800bef8       0x48 /home/abeer-ansari/.local/share/stm32cube/bundles/gnu-tools-for-stm32/14.3.1+st.2/bin/../lib/gcc/arm-none-eabi/14.3.1/../../../../arm-none-eabi/lib/thumb/v7e-m+fp/hard/libg_nano.a(libc_a-init.o)
                0x0800bef8                __libc_init_array
 .text.__retarget_lock_init_recursive
                0x0800bf40        0x2 /home/abeer-ansari/.local/share/stm32cube/bundles/gnu-tools-for-stm32/14.3.1+st.2/bin/../lib/gcc/arm-none-eabi/14.3.1/../../../../arm-none-eabi/lib/thumb/v7e-m+fp/hard/libg_nano.a(libc_a-lock.o)
                0x0800bf40                __retarget_lock_init_recursive
 .text.__retarget_lock_acquire_recursive
                0x0800bf42        0x2 /home/abeer-ansari/.local/share/stm32cube/bundles/gnu-tools-for-stm32/14.3.1+st.2/bin/../lib/gcc/arm-none-eabi/14.3.1/../../../../arm-none-eabi/lib/thumb/v7e-m+fp/hard/libg_nano.a(libc_a-lock.o)
                0x0800bf42                __retarget_lock_acquire_recursive
 .text.__retarget_lock_release_recursive
                0x0800bf44        0x2 /home/abeer-ansari/.local/share/stm32cube/bundles/gnu-tools-for-stm32/14.3.1+st.2/bin/../lib/gcc/arm-none-eabi/14.3.1/../../../../arm-none-eabi/lib/thumb/v7e-m+fp/hard/libg_nano.a(libc_a-lock.o)
                0x0800bf44                __retarget_lock_release_recursive
 .text.quorem   0x0800bf46      0x110 /home/abeer-ansari/.local/share/stm32cube/bundles/gnu-tools-for-stm32/14.3.1+st.2/bin/../lib/gcc/arm-none-eabi/14.3.1/../../../../arm-none-eabi/lib/thumb/v7e-m+fp/hard/libg_nano.a(libc_a-dtoa.o)
 *fill*         0x0800c056        0x2 
 .text._dtoa_r  0x0800c058      0xbb8 /home/abeer-ansari/.local/share/stm32cube/bundles/gnu-tools-for-stm32/14.3.1+st.2/bin/../lib/gcc/arm-none-eabi/14.3.1/../../../../arm-none-eabi/lib/thumb/v7e-m+fp/hard/libg_nano.a(libc_a-dtoa.o)
                0x0800c058                _dtoa_r
 .text._free_r  0x0800cc10       0x94 /home/abeer-ansari/.local/share/stm32cube/bundles/gnu-tools-for-stm32/14.3.1+st.2/bin/../lib/gcc/arm-none-eabi/14.3.1/../../../../arm-none-eabi/lib/thumb/v7e-m+fp/hard/libg_nano.a(libc_a-freer.o)
                0x0800cc10                _free_r
 .text.malloc   0x0800cca4       0x10 /home/abeer-ansari/.local/share/stm32cube/bundles/gnu-tools-for-stm32/14.3.1+st.2/bin/../lib/gcc/arm-none-eabi/14.3.1/../../../../arm-none-eabi/lib/thumb/v7e-m+fp/hard/libg_nano.a(libc_a-malloc.o)
                0x0800cca4                malloc
 .text.sbrk_aligned
                0x0800ccb4       0x44 /home/abeer-ansari/.local/share/stm32cube/bundles/gnu-tools-for-stm32/14.3.1+st.2/bin/../lib/gcc/arm-none-eabi/14.3.1/../../../../arm-none-eabi/lib/thumb/v7e-m+fp/hard/libg_nano.a(libc_a-mallocr.o)
 .text._malloc_r
                0x0800ccf8      0x100 /home/abeer-ansari/.local/share/stm32cube/bundles/gnu-tools-for-stm32/14.3.1+st.2/bin/../lib/gcc/arm-none-eabi/14.3.1/../../../../arm-none-eabi/lib/thumb/v7e-m+fp/hard/libg_nano.a(libc_a-mallocr.o)
                0x0800ccf8                _malloc_r
 .text.__malloc_lock
                0x0800cdf8        0xc /home/abeer-ansari/.local/share/stm32cube/bundles/gnu-tools-for-stm32/14.3.1+st.2/bin/../lib/gcc/arm-none-eabi/14.3.1/../../../../arm-none-eabi/lib/thumb/v7e-m+fp/hard/libg_nano.a(libc_a-mlock.o)
                0x0800cdf8                __malloc_lock
 .text.__malloc_unlock
                0x0800ce04        0xc /home/abeer-ansari/.local/share/stm32cube/bundles/gnu-tools-for-stm32/14.3.1+st.2/bin/../lib/gcc/arm-none-eabi/14.3.1/../../../../arm-none-eabi/lib/thumb/v7e-m+fp/hard/libg_nano.a(libc_a-mlock.o)
                0x0800ce04                __malloc_unlock
 .text._Balloc  0x0800ce10       0x7c /home/abeer-ansari/.local/share/stm32cube/bundles/gnu-tools-for-stm32/14.3.1+st.2/bin/../lib/gcc/arm-none-eabi/14.3.1/../../../../arm-none-eabi/lib/thumb/v7e-m+fp/hard/libg_nano.a(libc_a-mprec.o)
                0x0800ce10                _Balloc
 .text._Bfree   0x0800ce8c       0x44 /home/abeer-ansari/.local/share/stm32cube/bundles/gnu-tools-for-stm32/14.3.1+st.2/bin/../lib/gcc/arm-none-eabi/14.3.1/../../../../arm-none-eabi/lib/thumb/v7e-m+fp/hard/libg_nano.a(libc_a-mprec.o)
                0x0800ce8c                _Bfree
 .text.__multadd
                0x0800ced0       0x8c /home/abeer-ansari/.local/share/stm32cube/bundles/gnu-tools-for-stm32/14.3.1+st.2/bin/../lib/gcc/arm-none-eabi/14.3.1/../../../../arm-none-eabi/lib/thumb/v7e-m+fp/hard/libg_nano.a(libc_a-mprec.o)
                0x0800ced0                __multadd
 .text.__hi0bits
                0x0800cf5c       0x3e /home/abeer-ansari/.local/share/stm32cube/bundles/gnu-tools-for-stm32/14.3.1+st.2/bin/../lib/gcc/arm-none-eabi/14.3.1/../../../../arm-none-eabi/lib/thumb/v7e-m+fp/hard/libg_nano.a(libc_a-mprec.o)
                0x0800cf5c                __hi0bits
 .text.__lo0bits
                0x0800cf9a       0x5a /home/abeer-ansari/.local/share/stm32cube/bundles/gnu-tools-for-stm32/14.3.1+st.2/bin/../lib/gcc/arm-none-eabi/14.3.1/../../../../arm-none-eabi/lib/thumb/v7e-m+fp/hard/libg_nano.a(libc_a-mprec.o)
                0x0800cf9a                __lo0bits
 .text.__i2b    0x0800cff4       0x2c /home/abeer-ansari/.local/share/stm32cube/bundles/gnu-tools-for-stm32/14.3.1+st.2/bin/../lib/gcc/arm-none-eabi/14.3.1/../../../../arm-none-eabi/lib/thumb/v7e-m+fp/hard/libg_nano.a(libc_a-mprec.o)
                0x0800cff4                __i2b
 .text.__multiply
                0x0800d020      0x154 /home/abeer-ansari/.local/share/stm32cube/bundles/gnu-tools-for-stm32/14.3.1+st.2/bin/../lib/gcc/arm-none-eabi/14.3.1/../../../../arm-none-eabi/lib/thumb/v7e-m+fp/hard/libg_nano.a(libc_a-mprec.o)
                0x0800d020                __multiply
 .text.__pow5mult
                0x0800d174       0xb8 /home/abeer-ansari/.local/share/stm32cube/bundles/gnu-tools-for-stm32/14.3.1+st.2/bin/../lib/gcc/arm-none-eabi/14.3.1/../../../../arm-none-eabi/lib/thumb/v7e-m+fp/hard/libg_nano.a(libc_a-mprec.o)
                0x0800d174                __pow5mult
 .text.__lshift
                0x0800d22c       0xdc /home/abeer-ansari/.local/share/stm32cube/bundles/gnu-tools-for-stm32/14.3.1+st.2/bin/../lib/gcc/arm-none-eabi/14.3.1/../../../../arm-none-eabi/lib/thumb/v7e-m+fp/hard/libg_nano.a(libc_a-mprec.o)
                0x0800d22c                __lshift
 .text.__mcmp   0x0800d308       0x36 /home/abeer-ansari/.local/share/stm32cube/bundles/gnu-tools-for-stm32/14.3.1+st.2/bin/../lib/gcc/arm-none-eabi/14.3.1/../../../../arm-none-eabi/lib/thumb/v7e-m+fp/hard/libg_nano.a(libc_a-mprec.o)
                0x0800d308                __mcmp
 *fill*         0x0800d33e        0x2 
 .text.__mdiff  0x0800d340      0x130 /home/abeer-ansari/.local/share/stm32cube/bundles/gnu-tools-for-stm32/14.3.1+st.2/bin/../lib/gcc/arm-none-eabi/14.3.1/../../../../arm-none-eabi/lib/thumb/v7e-m+fp/hard/libg_nano.a(libc_a-mprec.o)
                0x0800d340                __mdiff
 .text.__d2b    0x0800d470       0xb0 /home/abeer-ansari/.local/share/stm32cube/bundles/gnu-tools-for-stm32/14.3.1+st.2/bin/../lib/gcc/arm-none-eabi/14.3.1/../../../../arm-none-eabi/lib/thumb/v7e-m+fp/hard/libg_nano.a(libc_a-mprec.o)
                0x0800d470                __d2b
 .text.__ssputs_r
                0x0800d520       0xc0 /home/abeer-ansari/.local/share/stm32cube/bundles/gnu-tools-for-stm32/14.3.1+st.2/bin/../lib/gcc/arm-none-eabi/14.3.1/../../../../arm-none-eabi/lib/thumb/v7e-m+fp/hard/libg_nano.a(libc_a-nano-svfprintf.o)
                0x0800d520                __ssputs_r
 .text._svfprintf_r
                0x0800d5e0      0x1f0 /home/abeer-ansari/.local/share/stm32cube/bundles/gnu-tools-for-stm32/14.3.1+st.2/bin/../lib/gcc/arm-none-eabi/14.3.1/../../../../arm-none-eabi/lib/thumb/v7e-m+fp/hard/libg_nano.a(libc_a-nano-svfprintf.o)
                0x0800d5e0                _svfprintf_r
                0x0800d5e0                _svfiprintf_r
 .text.__sflush_r
                0x0800d7d0      0x104 /home/abeer-ansari/.local/share/stm32cube/bundles/gnu-tools-for-stm32/14.3.1+st.2/bin/../lib/gcc/arm-none-eabi/14.3.1/../../../../arm-none-eabi/lib/thumb/v7e-m+fp/hard/libg_nano.a(libc_a-fflush.o)
                0x0800d7d0                __sflush_r
 .text._fflush_r
                0x0800d8d4       0x50 /home/abeer-ansari/.local/share/stm32cube/bundles/gnu-tools-for-stm32/14.3.1+st.2/bin/../lib/gcc/arm-none-eabi/14.3.1/../../../../arm-none-eabi/lib/thumb/v7e-m+fp/hard/libg_nano.a(libc_a-fflush.o)
                0x0800d8d4                _fflush_r
 .text.memmove  0x0800d924       0x32 /home/abeer-ansari/.local/share/stm32cube/bundles/gnu-tools-for-stm32/14.3.1+st.2/bin/../lib/gcc/arm-none-eabi/14.3.1/../../../../arm-none-eabi/lib/thumb/v7e-m+fp/hard/libg_nano.a(libc_a-memmove.o)
                0x0800d924                memmove
 *fill*         0x0800d956        0x2 
 .text._sbrk_r  0x0800d958       0x20 /home/abeer-ansari/.local/share/stm32cube/bundles/gnu-tools-for-stm32/14.3.1+st.2/bin/../lib/gcc/arm-none-eabi/14.3.1/../../../../arm-none-eabi/lib/thumb/v7e-m+fp/hard/libg_nano.a(libc_a-sbrkr.o)
                0x0800d958                _sbrk_r
 .text.memcpy   0x0800d978       0x1c /home/abeer-ansari/.local/share/stm32cube/bundles/gnu-tools-for-stm32/14.3.1+st.2/bin/../lib/gcc/arm-none-eabi/14.3.1/../../../../arm-none-eabi/lib/thumb/v7e-m+fp/hard/libg_nano.a(libc_a-memcpy-stub.o)
                0x0800d978                memcpy
 .text.__assert_func
                0x0800d994       0x3c /home/abeer-ansari/.local/share/stm32cube/bundles/gnu-tools-for-stm32/14.3.1+st.2/bin/../lib/gcc/arm-none-eabi/14.3.1/../../../../arm-none-eabi/lib/thumb/v7e-m+fp/hard/libg_nano.a(libc_a-assert.o)
                0x0800d994                __assert_func
 .text._calloc_r
                0x0800d9d0       0x28 /home/abeer-ansari/.local/share/stm32cube/bundles/gnu-tools-for-stm32/14.3.1+st.2/bin/../lib/gcc/arm-none-eabi/14.3.1/../../../../arm-none-eabi/lib/thumb/v7e-m+fp/hard/libg_nano.a(libc_a-callocr.o)
                0x0800d9d0                _calloc_r
 .text.__ascii_mbtowc
                0x0800d9f8       0x24 /home/abeer-ansari/.local/share/stm32cube/bundles/gnu-tools-for-stm32/14.3.1+st.2/bin/../lib/gcc/arm-none-eabi/14.3.1/../../../../arm-none-eabi/lib/thumb/v7e-m+fp/hard/libg_nano.a(libc_a-mbtowc_r.o)
                0x0800d9f8                __ascii_mbtowc
 .text._realloc_r
                0x0800da1c       0x5c /home/abeer-ansari/.local/share/stm32cube/bundles/gnu-tools-for-stm32/14.3.1+st.2/bin/../lib/gcc/arm-none-eabi/14.3.1/../../../../arm-none-eabi/lib/thumb/v7e-m+fp/hard/libg_nano.a(libc_a-reallocr.o)
                0x0800da1c                _realloc_r
 .text.__ascii_wctomb
                0x0800da78       0x1a /home/abeer-ansari/.local/share/stm32cube/bundles/gnu-tools-for-stm32/14.3.1+st.2/bin/../lib/gcc/arm-none-eabi/14.3.1/../../../../arm-none-eabi/lib/thumb/v7e-m+fp/hard/libg_nano.a(libc_a-wctomb_r.o)
                0x0800da78                __ascii_wctomb
 *fill*         0x0800da92        0x2 
 .text.fprintf  0x0800da94       0x24 /home/abeer-ansari/.local/share/stm32cube/bundles/gnu-tools-for-stm32/14.3.1+st.2/bin/../lib/gcc/arm-none-eabi/14.3.1/../../../../arm-none-eabi/lib/thumb/v7e-m+fp/hard/libg_nano.a(libc_a-fprintf.o)
                0x0800da94                fprintf
                0x0800da94                fiprintf
 .text.abort    0x0800dab8        0xe /home/abeer-ansari/.local/share/stm32cube/bundles/gnu-tools-for-stm32/14.3.1+st.2/bin/../lib/gcc/arm-none-eabi/14.3.1/../../../../arm-none-eabi/lib/thumb/v7e-m+fp/hard/libg_nano.a(libc_a-abort.o)
                0x0800dab8                abort
 .text._malloc_usable_size_r
                0x0800dac6       0x10 /home/abeer-ansari/.local/share/stm32cube/bundles/gnu-tools-for-stm32/14.3.1+st.2/bin/../lib/gcc/arm-none-eabi/14.3.1/../../../../arm-none-eabi/lib/thumb/v7e-m+fp/hard/libg_nano.a(libc_a-msizer.o)
                0x0800dac6                _malloc_usable_size_r
 .text.__sfputc_r
                0x0800dad6       0x2e /home/abeer-ansari/.local/share/stm32cube/bundles/gnu-tools-for-stm32/14.3.1+st.2/bin/../lib/gcc/arm-none-eabi/14.3.1/../../../../arm-none-eabi/lib/thumb/v7e-m+fp/hard/libg_nano.a(libc_a-nano-vfprintf.o)
 .text.__sfputs_r
                0x0800db04       0x24 /home/abeer-ansari/.local/share/stm32cube/bundles/gnu-tools-for-stm32/14.3.1+st.2/bin/../lib/gcc/arm-none-eabi/14.3.1/../../../../arm-none-eabi/lib/thumb/v7e-m+fp/hard/libg_nano.a(libc_a-nano-vfprintf.o)
                0x0800db04                __sfputs_r
 .text._vfprintf_r
                0x0800db28      0x228 /home/abeer-ansari/.local/share/stm32cube/bundles/gnu-tools-for-stm32/14.3.1+st.2/bin/../lib/gcc/arm-none-eabi/14.3.1/../../../../arm-none-eabi/lib/thumb/v7e-m+fp/hard/libg_nano.a(libc_a-nano-vfprintf.o)
                0x0800db28                _vfiprintf_r
                0x0800db28                _vfprintf_r
 .text.__swbuf_r
                0x0800dd50       0x7c /home/abeer-ansari/.local/share/stm32cube/bundles/gnu-tools-for-stm32/14.3.1+st.2/bin/../lib/gcc/arm-none-eabi/14.3.1/../../../../arm-none-eabi/lib/thumb/v7e-m+fp/hard/libg_nano.a(libc_a-wbuf.o)
                0x0800dd50                __swbuf_r
 .text.__swsetup_r
                0x0800ddcc       0xa8 /home/abeer-ansari/.local/share/stm32cube/bundles/gnu-tools-for-stm32/14.3.1+st.2/bin/../lib/gcc/arm-none-eabi/14.3.1/../../../../arm-none-eabi/lib/thumb/v7e-m+fp/hard/libg_nano.a(libc_a-wsetup.o)
                0x0800ddcc                __swsetup_r
 .text._raise_r
                0x0800de74       0x50 /home/abeer-ansari/.local/share/stm32cube/bundles/gnu-tools-for-stm32/14.3.1+st.2/bin/../lib/gcc/arm-none-eabi/14.3.1/../../../../arm-none-eabi/lib/thumb/v7e-m+fp/hard/libg_nano.a(libc_a-signal.o)
                0x0800de74                _raise_r
 .text.raise    0x0800dec4       0x10 /home/abeer-ansari/.local/share/stm32cube/bundles/gnu-tools-for-stm32/14.3.1+st.2/bin/../lib/gcc/arm-none-eabi/14.3.1/../../../../arm-none-eabi/lib/thumb/v7e-m+fp/hard/libg_nano.a(libc_a-signal.o)
                0x0800dec4                raise
 .text._kill_r  0x0800ded4       0x24 /home/abeer-ansari/.local/share/stm32cube/bundles/gnu-tools-for-stm32/14.3.1+st.2/bin/../lib/gcc/arm-none-eabi/14.3.1/../../../../arm-none-eabi/lib/thumb/v7e-m+fp/hard/libg_nano.a(libc_a-signalr.o)
                0x0800ded4                _kill_r
 .text._getpid_r
                0x0800def8        0x4 /home/abeer-ansari/.local/share/stm32cube/bundles/gnu-tools-for-stm32/14.3.1+st.2/bin/../lib/gcc/arm-none-eabi/14.3.1/../../../../arm-none-eabi/lib/thumb/v7e-m+fp/hard/libg_nano.a(libc_a-signalr.o)
                0x0800def8                _getpid_r
 .text.__swhatbuf_r
                0x0800defc       0x48 /home/abeer-ansari/.local/share/stm32cube/bundles/gnu-tools-for-stm32/14.3.1+st.2/bin/../lib/gcc/arm-none-eabi/14.3.1/../../../../arm-none-eabi/lib/thumb/v7e-m+fp/hard/libg_nano.a(libc_a-makebuf.o)
                0x0800defc                __swhatbuf_r
 .text.__smakebuf_r
                0x0800df44       0x72 /home/abeer-ansari/.local/share/stm32cube/bundles/gnu-tools-for-stm32/14.3.1+st.2/bin/../lib/gcc/arm-none-eabi/14.3.1/../../../../arm-none-eabi/lib/thumb/v7e-m+fp/hard/libg_nano.a(libc_a-makebuf.o)
                0x0800df44                __smakebuf_r
 *fill*         0x0800dfb6        0x2 
 .text._fstat_r
                0x0800dfb8       0x24 /home/abeer-ansari/.local/share/stm32cube/bundles/gnu-tools-for-stm32/14.3.1+st.2/bin/../lib/gcc/arm-none-eabi/14.3.1/../../../../arm-none-eabi/lib/thumb/v7e-m+fp/hard/libg_nano.a(libc_a-fstatr.o)
                0x0800dfb8                _fstat_r
 .text._isatty_r
                0x0800dfdc       0x20 /home/abeer-ansari/.local/share/stm32cube/bundles/gnu-tools-for-stm32/14.3.1+st.2/bin/../lib/gcc/arm-none-eabi/14.3.1/../../../../arm-none-eabi/lib/thumb/v7e-m+fp/hard/libg_nano.a(libc_a-isattyr.o)
                0x0800dfdc                _isatty_r
 *(.glue_7)
 .glue_7        0x0800dffc        0x0 linker stubs
 *(.glue_7t)
 .glue_7t       0x0800dffc        0x0 linker stubs
 *(.eh_frame)
 .eh_frame      0x0800dffc        0x0 /home/abeer-ansari/.local/share/stm32cube/bundles/gnu-tools-for-stm32/14.3.1+st.2/bin/../lib/gcc/arm-none-eabi/14.3.1/thumb/v7e-m+fp/hard/crtbegin.o
 *(.init)
 .init          0x0800dffc        0x4 /home/abeer-ansari/.local/share/stm32cube/bundles/gnu-tools-for-stm32/14.3.1+st.2/bin/../lib/gcc/arm-none-eabi/14.3.1/thumb/v7e-m+fp/hard/crti.o
                0x0800dffc                _init
 .init          0x0800e000        0x8 /home/abeer-ansari/.local/share/stm32cube/bundles/gnu-tools-for-stm32/14.3.1+st.2/bin/../lib/gcc/arm-none-eabi/14.3.1/thumb/v7e-m+fp/hard/crtn.o
 *(.fini)
 .fini          0x0800e008        0x4 /home/abeer-ansari/.local/share/stm32cube/bundles/gnu-tools-for-stm32/14.3.1+st.2/bin/../lib/gcc/arm-none-eabi/14.3.1/thumb/v7e-m+fp/hard/crti.o
                0x0800e008                _fini
 .fini          0x0800e00c        0x8 /home/abeer-ansari/.local/share/stm32cube/bundles/gnu-tools-for-stm32/14.3.1+st.2/bin/../lib/gcc/arm-none-eabi/14.3.1/thumb/v7e-m+fp/hard/crtn.o
                0x0800e014                        . = ALIGN (0x4)
                0x0800e014                        _etext = .

.vfp11_veneer   0x0800e014        0x0
 .vfp11_veneer  0x0800e014        0x0 linker stubs

.v4_bx          0x0800e014        0x0
 .v4_bx         0x0800e014        0x0 linker stubs

.iplt           0x0800e014        0x0
 .iplt          0x0800e014        0x0 /home/abeer-ansari/.local/share/stm32cube/bundles/gnu-tools-for-stm32/14.3.1+st.2/bin/../lib/gcc/arm-none-eabi/14.3.1/thumb/v7e-m+fp/hard/crtbegin.o

.rodata         0x0800e018      0x42c
                0x0800e018                        . = ALIGN (0x4)
 *(.rodata)
 .rodata        0x0800e018       0x46 CMakeFiles/Lab06_final.dir/USB_DEVICE/App/usbd_desc.c.obj
 *fill*         0x0800e05e        0x2 
 .rodata        0x0800e060       0x31 CMakeFiles/Lab06_final.dir/Core/Src/main.c.obj
 *(.rodata*)
 *fill*         0x0800e091        0x3 
 .rodata.AHBPrescTable
                0x0800e094       0x10 cmake/stm32cubemx/CMakeFiles/STM32_Drivers.dir/__/__/Core/Src/system_stm32f3xx.c.obj
                0x0800e094                AHBPrescTable
 .rodata.APBPrescTable
                0x0800e0a4        0x8 cmake/stm32cubemx/CMakeFiles/STM32_Drivers.dir/__/__/Core/Src/system_stm32f3xx.c.obj
                0x0800e0a4                APBPrescTable
 .rodata.aPLLMULFactorTable
                0x0800e0ac       0x10 cmake/stm32cubemx/CMakeFiles/STM32_Drivers.dir/__/__/Drivers/STM32F3xx_HAL_Driver/Src/stm32f3xx_hal_rcc.c.obj
 .rodata.aPredivFactorTable
                0x0800e0bc       0x10 cmake/stm32cubemx/CMakeFiles/STM32_Drivers.dir/__/__/Drivers/STM32F3xx_HAL_Driver/Src/stm32f3xx_hal_rcc.c.obj
 .rodata._printf_float.str1.1
                0x0800e0cc      0x171 /home/abeer-ansari/.local/share/stm32cube/bundles/gnu-tools-for-stm32/14.3.1+st.2/bin/../lib/gcc/arm-none-eabi/14.3.1/../../../../arm-none-eabi/lib/thumb/v7e-m+fp/hard/libg_nano.a(libc_a-nano-vfprintf_float.o)
                                 0x12 (size before relaxing)
 .rodata._printf_i.str1.1
                0x0800e23d       0x22 /home/abeer-ansari/.local/share/stm32cube/bundles/gnu-tools-for-stm32/14.3.1+st.2/bin/../lib/gcc/arm-none-eabi/14.3.1/../../../../arm-none-eabi/lib/thumb/v7e-m+fp/hard/libg_nano.a(libc_a-nano-vfprintf_i.o)
 .rodata._dtoa_r.str1.1
                0x0800e23d       0x8f /home/abeer-ansari/.local/share/stm32cube/bundles/gnu-tools-for-stm32/14.3.1+st.2/bin/../lib/gcc/arm-none-eabi/14.3.1/../../../../arm-none-eabi/lib/thumb/v7e-m+fp/hard/libg_nano.a(libc_a-dtoa.o)
 .rodata._Balloc.str1.1
                0x0800e23d       0x70 /home/abeer-ansari/.local/share/stm32cube/bundles/gnu-tools-for-stm32/14.3.1+st.2/bin/../lib/gcc/arm-none-eabi/14.3.1/../../../../arm-none-eabi/lib/thumb/v7e-m+fp/hard/libg_nano.a(libc_a-mprec.o)
 .rodata.__multadd.str1.1
                0x0800e23d       0x11 /home/abeer-ansari/.local/share/stm32cube/bundles/gnu-tools-for-stm32/14.3.1+st.2/bin/../lib/gcc/arm-none-eabi/14.3.1/../../../../arm-none-eabi/lib/thumb/v7e-m+fp/hard/libg_nano.a(libc_a-mprec.o)
 *fill*         0x0800e23d        0x3 
 .rodata.p05.0  0x0800e240        0xc /home/abeer-ansari/.local/share/stm32cube/bundles/gnu-tools-for-stm32/14.3.1+st.2/bin/../lib/gcc/arm-none-eabi/14.3.1/../../../../arm-none-eabi/lib/thumb/v7e-m+fp/hard/libg_nano.a(libc_a-mprec.o)
 *fill*         0x0800e24c        0x4 
 .rodata.__mprec_bigtens
                0x0800e250       0x28 /home/abeer-ansari/.local/share/stm32cube/bundles/gnu-tools-for-stm32/14.3.1+st.2/bin/../lib/gcc/arm-none-eabi/14.3.1/../../../../arm-none-eabi/lib/thumb/v7e-m+fp/hard/libg_nano.a(libc_a-mprec.o)
                0x0800e250                __mprec_bigtens
 .rodata.__mprec_tens
                0x0800e278       0xc8 /home/abeer-ansari/.local/share/stm32cube/bundles/gnu-tools-for-stm32/14.3.1+st.2/bin/../lib/gcc/arm-none-eabi/14.3.1/../../../../arm-none-eabi/lib/thumb/v7e-m+fp/hard/libg_nano.a(libc_a-mprec.o)
                0x0800e278                __mprec_tens
 .rodata._svfprintf_r.str1.1
                0x0800e340       0x11 /home/abeer-ansari/.local/share/stm32cube/bundles/gnu-tools-for-stm32/14.3.1+st.2/bin/../lib/gcc/arm-none-eabi/14.3.1/../../../../arm-none-eabi/lib/thumb/v7e-m+fp/hard/libg_nano.a(libc_a-nano-svfprintf.o)
 .rodata._setlocale_r.str1.1
                0x0800e340        0x9 /home/abeer-ansari/.local/share/stm32cube/bundles/gnu-tools-for-stm32/14.3.1+st.2/bin/../lib/gcc/arm-none-eabi/14.3.1/../../../../arm-none-eabi/lib/thumb/v7e-m+fp/hard/libg_nano.a(libc_a-locale.o)
 .rodata.str1.1
                0x0800e340        0x2 /home/abeer-ansari/.local/share/stm32cube/bundles/gnu-tools-for-stm32/14.3.1+st.2/bin/../lib/gcc/arm-none-eabi/14.3.1/../../../../arm-none-eabi/lib/thumb/v7e-m+fp/hard/libg_nano.a(libc_a-locale.o)
 .rodata.__assert_func.str1.1
                0x0800e340       0x3d /home/abeer-ansari/.local/share/stm32cube/bundles/gnu-tools-for-stm32/14.3.1+st.2/bin/../lib/gcc/arm-none-eabi/14.3.1/../../../../arm-none-eabi/lib/thumb/v7e-m+fp/hard/libg_nano.a(libc_a-assert.o)
 .rodata._ctype_
                0x0800e340      0x101 /home/abeer-ansari/.local/share/stm32cube/bundles/gnu-tools-for-stm32/14.3.1+st.2/bin/../lib/gcc/arm-none-eabi/14.3.1/../../../../arm-none-eabi/lib/thumb/v7e-m+fp/hard/libg_nano.a(libc_a-ctype_.o)
                0x0800e340                _ctype_
 .rodata._vfprintf_r.str1.1
                0x0800e441       0x11 /home/abeer-ansari/.local/share/stm32cube/bundles/gnu-tools-for-stm32/14.3.1+st.2/bin/../lib/gcc/arm-none-eabi/14.3.1/../../../../arm-none-eabi/lib/thumb/v7e-m+fp/hard/libg_nano.a(libc_a-nano-vfprintf.o)
                0x0800e454                        . = ALIGN (0x4)
 *fill*         0x0800e441        0x3 

.ARM.extab      0x0800e444        0x0
                0x0800e444                        . = ALIGN (0x4)
 *(.ARM.extab* .gnu.linkonce.armextab.*)
                0x0800e444                        . = ALIGN (0x4)

.ARM            0x0800e444        0x8
                0x0800e444                        . = ALIGN (0x4)
                0x0800e444                        __exidx_start = .
 *(.ARM.exidx*)
 .ARM.exidx     0x0800e444        0x8 /home/abeer-ansari/.local/share/stm32cube/bundles/gnu-tools-for-stm32/14.3.1+st.2/bin/../lib/gcc/arm-none-eabi/14.3.1/../../../../arm-none-eabi/lib/thumb/v7e-m+fp/hard/libg_nano.a(libc_a-memchr.o)
 .ARM.exidx     0x0800e44c        0x0 /home/abeer-ansari/.local/share/stm32cube/bundles/gnu-tools-for-stm32/14.3.1+st.2/bin/../lib/gcc/arm-none-eabi/14.3.1/../../../../arm-none-eabi/lib/thumb/v7e-m+fp/hard/libg_nano.a(libc_a-strlen.o)
                                  0x8 (size before relaxing)
                0x0800e44c                        __exidx_end = .
                0x0800e44c                        . = ALIGN (0x4)

.preinit_array  0x0800e44c        0x0
                0x0800e44c                        . = ALIGN (0x4)
                0x0800e44c                        PROVIDE (__preinit_array_start = .)
 *(.preinit_array*)
                0x0800e44c                        PROVIDE (__preinit_array_end = .)
                0x0800e44c                        . = ALIGN (0x4)

.init_array     0x0800e44c        0x4
                0x0800e44c                        . = ALIGN (0x4)
                0x0800e44c                        PROVIDE (__init_array_start = .)
 *(SORT_BY_NAME(.init_array.*))
 *(.init_array*)
 .init_array    0x0800e44c        0x4 /home/abeer-ansari/.local/share/stm32cube/bundles/gnu-tools-for-stm32/14.3.1+st.2/bin/../lib/gcc/arm-none-eabi/14.3.1/thumb/v7e-m+fp/hard/crtbegin.o
                0x0800e450                        PROVIDE (__init_array_end = .)
                0x0800e450                        . = ALIGN (0x4)

.fini_array     0x0800e450        0x4
                0x0800e450                        . = ALIGN (0x4)
                [!provide]                        PROVIDE (__fini_array_start = .)
 *(SORT_BY_NAME(.fini_array.*))
 *(.fini_array*)
 .fini_array    0x0800e450        0x4 /home/abeer-ansari/.local/share/stm32cube/bundles/gnu-tools-for-stm32/14.3.1+st.2/bin/../lib/gcc/arm-none-eabi/14.3.1/thumb/v7e-m+fp/hard/crtbegin.o
                [!provide]                        PROVIDE (__fini_array_end = .)
                0x0800e454                        . = ALIGN (0x4)
                0x0800e454                        _siccmram = LOADADDR (.ccmram)

.rel.dyn        0x0800e454        0x0
 .rel.iplt      0x0800e454        0x0 /home/abeer-ansari/.local/share/stm32cube/bundles/gnu-tools-for-stm32/14.3.1+st.2/bin/../lib/gcc/arm-none-eabi/14.3.1/thumb/v7e-m+fp/hard/crtbegin.o

.ccmram         0x10000000        0x0 load address 0x0800e454
                0x10000000                        . = ALIGN (0x4)
                0x10000000                        _sccmram = .
 *(.ccmram)
 *(.ccmram*)
                0x10000000                        . = ALIGN (0x4)
                0x10000000                        _eccmram = .
                0x0800e454                        _sidata = LOADADDR (.data)

.data           0x20000000      0x344 load address 0x0800e454
                0x20000000                        . = ALIGN (0x4)
                0x20000000                        _sdata = .
 *(.data)
 *(.data*)
 .data.SystemCoreClock
                0x20000000        0x4 cmake/stm32cubemx/CMakeFiles/STM32_Drivers.dir/__/__/Core/Src/system_stm32f3xx.c.obj
                0x20000000                SystemCoreClock
 .data.uwTickPrio
                0x20000004        0x4 cmake/stm32cubemx/CMakeFiles/STM32_Drivers.dir/__/__/Drivers/STM32F3xx_HAL_Driver/Src/stm32f3xx_hal.c.obj
                0x20000004                uwTickPrio
 .data.uwTickFreq
                0x20000008        0x1 cmake/stm32cubemx/CMakeFiles/STM32_Drivers.dir/__/__/Drivers/STM32F3xx_HAL_Driver/Src/stm32f3xx_hal.c.obj
                0x20000008                uwTickFreq
 *fill*         0x20000009        0x3 
 .data.USBD_CDC_DeviceQualifierDesc
                0x2000000c        0xa cmake/stm32cubemx/CMakeFiles/USB_Device_Library.dir/__/__/Middlewares/ST/STM32_USB_Device_Library/Class/CDC/Src/usbd_cdc.c.obj
 *fill*         0x20000016        0x2 
 .data.USBD_CDC
                0x20000018       0x38 cmake/stm32cubemx/CMakeFiles/USB_Device_Library.dir/__/__/Middlewares/ST/STM32_USB_Device_Library/Class/CDC/Src/usbd_cdc.c.obj
                0x20000018                USBD_CDC
 .data.USBD_CDC_CfgHSDesc
                0x20000050       0x43 cmake/stm32cubemx/CMakeFiles/USB_Device_Library.dir/__/__/Middlewares/ST/STM32_USB_Device_Library/Class/CDC/Src/usbd_cdc.c.obj
                0x20000050                USBD_CDC_CfgHSDesc
 *fill*         0x20000093        0x1 
 .data.USBD_CDC_CfgFSDesc
                0x20000094       0x43 cmake/stm32cubemx/CMakeFiles/USB_Device_Library.dir/__/__/Middlewares/ST/STM32_USB_Device_Library/Class/CDC/Src/usbd_cdc.c.obj
                0x20000094                USBD_CDC_CfgFSDesc
 *fill*         0x200000d7        0x1 
 .data.USBD_CDC_OtherSpeedCfgDesc
                0x200000d8       0x43 cmake/stm32cubemx/CMakeFiles/USB_Device_Library.dir/__/__/Middlewares/ST/STM32_USB_Device_Library/Class/CDC/Src/usbd_cdc.c.obj
                0x200000d8                USBD_CDC_OtherSpeedCfgDesc
 *fill*         0x2000011b        0x1 
 .data.FS_Desc  0x2000011c       0x1c CMakeFiles/Lab06_final.dir/USB_DEVICE/App/usbd_desc.c.obj
                0x2000011c                FS_Desc
 .data.USBD_FS_DeviceDesc
                0x20000138       0x12 CMakeFiles/Lab06_final.dir/USB_DEVICE/App/usbd_desc.c.obj
                0x20000138                USBD_FS_DeviceDesc
 *fill*         0x2000014a        0x2 
 .data.USBD_LangIDDesc
                0x2000014c        0x4 CMakeFiles/Lab06_final.dir/USB_DEVICE/App/usbd_desc.c.obj
                0x2000014c                USBD_LangIDDesc
 .data.USBD_StringSerial
                0x20000150       0x1a CMakeFiles/Lab06_final.dir/USB_DEVICE/App/usbd_desc.c.obj
                0x20000150                USBD_StringSerial
 *fill*         0x2000016a        0x2 
 .data.USBD_Interface_fops_FS
                0x2000016c       0x10 CMakeFiles/Lab06_final.dir/USB_DEVICE/App/usbd_cdc_if.c.obj
                0x2000016c                USBD_Interface_fops_FS
 .data.__sglue  0x2000017c        0xc /home/abeer-ansari/.local/share/stm32cube/bundles/gnu-tools-for-stm32/14.3.1+st.2/bin/../lib/gcc/arm-none-eabi/14.3.1/../../../../arm-none-eabi/lib/thumb/v7e-m+fp/hard/libg_nano.a(libc_a-findfp.o)
                0x2000017c                __sglue
 .data._impure_ptr
                0x20000188        0x4 /home/abeer-ansari/.local/share/stm32cube/bundles/gnu-tools-for-stm32/14.3.1+st.2/bin/../lib/gcc/arm-none-eabi/14.3.1/../../../../arm-none-eabi/lib/thumb/v7e-m+fp/hard/libg_nano.a(libc_a-impure.o)
                0x20000188                _impure_ptr
 .data._impure_data
                0x2000018c       0x4c /home/abeer-ansari/.local/share/stm32cube/bundles/gnu-tools-for-stm32/14.3.1+st.2/bin/../lib/gcc/arm-none-eabi/14.3.1/../../../../arm-none-eabi/lib/thumb/v7e-m+fp/hard/libg_nano.a(libc_a-impure.o)